Archive member included to satisfy reference by file (symbol)

C:/Users/silas/.pico-sdk/toolchain/13_3_Rel1/bin/../lib/gcc/arm-none-eabi/13.3.1/thumb/v6-m/nofp\libgcc.a(_dvmd_tls.o)
                              CMakeFiles/EmbarcaTech_A6U4.dir/C_/Users/silas/.pico-sdk/sdk/2.1.0/src/rp2_common/pico_divider/divider_hardware.S.obj (__aeabi_idiv0)
C:/Users/silas/.pico-sdk/toolchain/13_3_Rel1/bin/../lib/gcc/arm-none-eabi/13.3.1/thumb/v6-m/nofp\libg.a(libc_a-calloc.o)
                              CMakeFiles/EmbarcaTech_A6U4.dir/C_/Users/silas/.pico-sdk/sdk/2.1.0/src/rp2_common/pico_malloc/malloc.c.obj (calloc)
C:/Users/silas/.pico-sdk/toolchain/13_3_Rel1/bin/../lib/gcc/arm-none-eabi/13.3.1/thumb/v6-m/nofp\libg.a(libc_a-callocr.o)
                              C:/Users/silas/.pico-sdk/toolchain/13_3_Rel1/bin/../lib/gcc/arm-none-eabi/13.3.1/thumb/v6-m/nofp\libg.a(libc_a-calloc.o) (_calloc_r)
C:/Users/silas/.pico-sdk/toolchain/13_3_Rel1/bin/../lib/gcc/arm-none-eabi/13.3.1/thumb/v6-m/nofp\libg.a(libc_a-malloc.o)
                              CMakeFiles/EmbarcaTech_A6U4.dir/C_/Users/silas/.pico-sdk/sdk/2.1.0/src/rp2_common/pico_malloc/malloc.c.obj (malloc)
C:/Users/silas/.pico-sdk/toolchain/13_3_Rel1/bin/../lib/gcc/arm-none-eabi/13.3.1/thumb/v6-m/nofp\libg.a(libc_a-mallocr.o)
                              C:/Users/silas/.pico-sdk/toolchain/13_3_Rel1/bin/../lib/gcc/arm-none-eabi/13.3.1/thumb/v6-m/nofp\libg.a(libc_a-callocr.o) (_malloc_r)
C:/Users/silas/.pico-sdk/toolchain/13_3_Rel1/bin/../lib/gcc/arm-none-eabi/13.3.1/thumb/v6-m/nofp\libg.a(libc_a-mlock.o)
                              C:/Users/silas/.pico-sdk/toolchain/13_3_Rel1/bin/../lib/gcc/arm-none-eabi/13.3.1/thumb/v6-m/nofp\libg.a(libc_a-mallocr.o) (__malloc_lock)
C:/Users/silas/.pico-sdk/toolchain/13_3_Rel1/bin/../lib/gcc/arm-none-eabi/13.3.1/thumb/v6-m/nofp\libg.a(libc_a-realloc.o)
                              CMakeFiles/EmbarcaTech_A6U4.dir/C_/Users/silas/.pico-sdk/sdk/2.1.0/src/rp2_common/pico_malloc/malloc.c.obj (realloc)
C:/Users/silas/.pico-sdk/toolchain/13_3_Rel1/bin/../lib/gcc/arm-none-eabi/13.3.1/thumb/v6-m/nofp\libg.a(libc_a-reallocr.o)
                              C:/Users/silas/.pico-sdk/toolchain/13_3_Rel1/bin/../lib/gcc/arm-none-eabi/13.3.1/thumb/v6-m/nofp\libg.a(libc_a-realloc.o) (_realloc_r)
C:/Users/silas/.pico-sdk/toolchain/13_3_Rel1/bin/../lib/gcc/arm-none-eabi/13.3.1/thumb/v6-m/nofp\libg.a(libc_a-memcmp.o)
                              CMakeFiles/EmbarcaTech_A6U4.dir/C_/Users/silas/.pico-sdk/sdk/2.1.0/src/rp2_common/pico_atomic/atomic.c.obj (memcmp)
C:/Users/silas/.pico-sdk/toolchain/13_3_Rel1/bin/../lib/gcc/arm-none-eabi/13.3.1/thumb/v6-m/nofp\libg.a(libc_a-memmove.o)
                              C:/Users/silas/.pico-sdk/toolchain/13_3_Rel1/bin/../lib/gcc/arm-none-eabi/13.3.1/thumb/v6-m/nofp\libg.a(libc_a-reallocr.o) (memmove)
C:/Users/silas/.pico-sdk/toolchain/13_3_Rel1/bin/../lib/gcc/arm-none-eabi/13.3.1/thumb/v6-m/nofp\libg.a(libc_a-lcltime_r.o)
                              CMakeFiles/EmbarcaTech_A6U4.dir/C_/Users/silas/.pico-sdk/sdk/2.1.0/src/common/pico_util/datetime.c.obj (localtime_r)
C:/Users/silas/.pico-sdk/toolchain/13_3_Rel1/bin/../lib/gcc/arm-none-eabi/13.3.1/thumb/v6-m/nofp\libg.a(libc_a-mktime.o)
                              CMakeFiles/EmbarcaTech_A6U4.dir/C_/Users/silas/.pico-sdk/sdk/2.1.0/src/common/pico_util/datetime.c.obj (mktime)
C:/Users/silas/.pico-sdk/toolchain/13_3_Rel1/bin/../lib/gcc/arm-none-eabi/13.3.1/thumb/v6-m/nofp\libg.a(libc_a-month_lengths.o)
                              C:/Users/silas/.pico-sdk/toolchain/13_3_Rel1/bin/../lib/gcc/arm-none-eabi/13.3.1/thumb/v6-m/nofp\libg.a(libc_a-lcltime_r.o) (__month_lengths)
C:/Users/silas/.pico-sdk/toolchain/13_3_Rel1/bin/../lib/gcc/arm-none-eabi/13.3.1/thumb/v6-m/nofp\libg.a(libc_a-tzcalc_limits.o)
                              C:/Users/silas/.pico-sdk/toolchain/13_3_Rel1/bin/../lib/gcc/arm-none-eabi/13.3.1/thumb/v6-m/nofp\libg.a(libc_a-lcltime_r.o) (__tzcalc_limits)
C:/Users/silas/.pico-sdk/toolchain/13_3_Rel1/bin/../lib/gcc/arm-none-eabi/13.3.1/thumb/v6-m/nofp\libg.a(libc_a-tzlock.o)
                              C:/Users/silas/.pico-sdk/toolchain/13_3_Rel1/bin/../lib/gcc/arm-none-eabi/13.3.1/thumb/v6-m/nofp\libg.a(libc_a-lcltime_r.o) (__tz_lock)
C:/Users/silas/.pico-sdk/toolchain/13_3_Rel1/bin/../lib/gcc/arm-none-eabi/13.3.1/thumb/v6-m/nofp\libg.a(libc_a-tzset.o)
                              C:/Users/silas/.pico-sdk/toolchain/13_3_Rel1/bin/../lib/gcc/arm-none-eabi/13.3.1/thumb/v6-m/nofp\libg.a(libc_a-lcltime_r.o) (_tzset_unlocked)
C:/Users/silas/.pico-sdk/toolchain/13_3_Rel1/bin/../lib/gcc/arm-none-eabi/13.3.1/thumb/v6-m/nofp\libg.a(libc_a-tzset_r.o)
                              C:/Users/silas/.pico-sdk/toolchain/13_3_Rel1/bin/../lib/gcc/arm-none-eabi/13.3.1/thumb/v6-m/nofp\libg.a(libc_a-tzset.o) (_tzset_unlocked_r)
C:/Users/silas/.pico-sdk/toolchain/13_3_Rel1/bin/../lib/gcc/arm-none-eabi/13.3.1/thumb/v6-m/nofp\libg.a(libc_a-tzvars.o)
[...]
Memory Configuration

Name             Origin             Length             Attributes
FLASH            0x10000000         0x00200000         xr
RAM              0x20000000         0x00040000         xrw
SCRATCH_X        0x20040000         0x00001000         xrw
SCRATCH_Y        0x20041000         0x00001000         xrw
*default*        0x00000000         0xffffffff

Linker script and memory map

LOAD C:/Users/silas/.pico-sdk/toolchain/13_3_Rel1/bin/../lib/gcc/arm-none-eabi/13.3.1/thumb/v6-m/nofp/crti.o
LOAD C:/Users/silas/.pico-sdk/toolchain/13_3_Rel1/bin/../lib/gcc/arm-none-eabi/13.3.1/thumb/v6-m/nofp/crtbegin.o
LOAD C:/Users/silas/.pico-sdk/toolchain/13_3_Rel1/bin/../lib/gcc/arm-none-eabi/13.3.1/thumb/v6-m/nofp/crt0.o

.flash_begin    0x10000000        0x0
                0x10000000                        __flash_binary_start = .

.boot2          0x10000000      0x100
                0x10000000                        __boot2_start__ = .
 *(.boot2)
 .boot2         0x10000000      0x100 pico-sdk/src/rp2040/boot_stage2/CMakeFiles/bs2_default_library.dir/./bs2_default_padded_checksummed.S.obj
                0x10000100                        __boot2_end__ = .
                0x00000001                        ASSERT (((__boot2_end__ - __boot2_start__) == 0x100), ERROR: Pico second stage bootloader must be 256 bytes in size)

.text           0x10000100     0x8a44
                0x10000100                        __logical_binary_start = .
 *(.vectors)
 .vectors       0x10000100       0xd4 CMakeFiles/EmbarcaTech_A6U4.dir/C_/Users/silas/.pico-sdk/sdk/2.1.0/src/rp2_common/pico_crt0/crt0.S.obj
                0x10000100                __VECTOR_TABLE
                0x10000100                __vectors
                0x100001c0                isr_invalid
                0x100001c0                __default_isrs_start
                0x100001c2                isr_nmi
                0x100001c4                isr_hardfault
                0x100001c6                isr_svcall
                0x100001c8                isr_pendsv
                0x100001ca                isr_systick
                0x100001cc                isr_irq23
                0x100001cc                isr_irq18
                0x100001cc                isr_irq11
                0x100001cc                isr_irq28
                0x100001cc                isr_irq19
                0x100001cc                isr_irq0
                0x100001cc                isr_irq6
                0x100001cc                isr_irq5
                0x100001cc                isr_irq12
                0x100001cc                isr_irq22
                0x100001cc                isr_irq31
                0x100001cc                isr_irq17
                0x100001cc                isr_irq27
                0x100001cc                isr_irq30
                0x100001cc                isr_irq2
                0x100001cc                isr_irq10
                0x100001cc                isr_irq8
                0x100001cc                isr_irq24
                0x100001cc                isr_irq1
                0x100001cc                isr_irq7
                0x100001cc                isr_irq21
                0x100001cc                isr_irq20
                0x100001cc                isr_irq15
                0x100001cc                isr_irq25
                0x100001cc                isr_irq13
                0x100001cc                __unhandled_user_irq
                0x100001cc                isr_irq4
                0x100001cc                isr_irq16
                0x100001cc                isr_irq29
                0x100001cc                isr_irq26
                0x100001cc                __default_isrs_end
                0x100001cc                isr_irq3
                0x100001cc                isr_irq14
                0x100001cc                isr_irq9
                0x100001d2                unhandled_user_irq_num_in_r0
 *(.binary_info_header)
 .binary_info_header
                0x100001d4       0x14 CMakeFiles/EmbarcaTech_A6U4.dir/C_/Users/silas/.pico-sdk/sdk/2.1.0/src/rp2_common/pico_crt0/crt0.S.obj
                0x100001e8                        __binary_info_header_end = .
 *(.embedded_block)
                0x100001e8                        __embedded_block_end = .
 *(.reset)
 .reset         0x100001e8       0x9c CMakeFiles/EmbarcaTech_A6U4.dir/C_/Users/silas/.pico-sdk/sdk/2.1.0/src/rp2_common/pico_crt0/crt0.S.obj
                0x100001e8                _entry_point
 *(.init)
 .init          0x10000284        0x4 C:/Users/silas/.pico-sdk/toolchain/13_3_Rel1/bin/../lib/gcc/arm-none-eabi/13.3.1/thumb/v6-m/nofp/crti.o
                0x10000284                _init
 *(EXCLUDE_FILE(*libm.a: *libc.a:*lib_a-mem*.o *libgcc.a:) .text*)
 .text.register_tm_clones
                0x10000288       0x28 C:/Users/silas/.pico-sdk/toolchain/13_3_Rel1/bin/../lib/gcc/arm-none-eabi/13.3.1/thumb/v6-m/nofp/crtbegin.o
 .text.frame_dummy
                0x100002b0       0x24 C:/Users/silas/.pico-sdk/toolchain/13_3_Rel1/bin/../lib/gcc/arm-none-eabi/13.3.1/thumb/v6-m/nofp/crtbegin.o
 .text.callback_button
                0x100002d4      0x120 CMakeFiles/EmbarcaTech_A6U4.dir/EmbarcaTech_A6U4.c.obj
                0x100002d4                callback_button
 .text.desenho_pio.constprop.0
                0x100003f4       0xc0 CMakeFiles/EmbarcaTech_A6U4.dir/EmbarcaTech_A6U4.c.obj
 .text.startup.main
                0x100004b4      0x4b4 CMakeFiles/EmbarcaTech_A6U4.dir/EmbarcaTech_A6U4.c.obj
                0x100004b4                main
 .text.ssd1306_init
                0x10000968       0x34 CMakeFiles/EmbarcaTech_A6U4.dir/inc/ssd1306.c.obj
                0x10000968                ssd1306_init
 .text.ssd1306_config
                0x1000099c      0x1d0 CMakeFiles/EmbarcaTech_A6U4.dir/inc/ssd1306.c.obj
                0x1000099c                ssd1306_config
 .text.ssd1306_send_data
                0x10000b6c       0x8c CMakeFiles/EmbarcaTech_A6U4.dir/inc/ssd1306.c.obj
                0x10000b6c                ssd1306_send_data
 .text.ssd1306_fill
                0x10000bf8       0x80 CMakeFiles/EmbarcaTech_A6U4.dir/inc/ssd1306.c.obj
                0x10000bf8                ssd1306_fill
 .text.ssd1306_draw_char
                0x10000c78      0x260 CMakeFiles/EmbarcaTech_A6U4.dir/inc/ssd1306.c.obj
                0x10000c78                ssd1306_draw_char
 .text.ssd1306_draw_string
                0x10000ed8       0x40 CMakeFiles/EmbarcaTech_A6U4.dir/inc/ssd1306.c.obj
                0x10000ed8                ssd1306_draw_string
 .text.gpio_default_irq_handler
                0x10000f18      0x274 CMakeFiles/EmbarcaTech_A6U4.dir/C_/Users/silas/.pico-sdk/sdk/2.1.0/src/rp2_common/hardware_gpio/gpio.c.obj
 .text.gpio_set_function
                0x1000118c       0x34 CMakeFiles/EmbarcaTech_A6U4.dir/C_/Users/silas/.pico-sdk/sdk/2.1.0/src/rp2_common/hardware_gpio/gpio.c.obj
                0x1000118c                gpio_set_function
 .text.gpio_set_pulls
                0x100011c0       0x28 CMakeFiles/EmbarcaTech_A6U4.dir/C_/Users/silas/.pico-sdk/sdk/2.1.0/src/rp2_common/hardware_gpio/gpio.c.obj
                0x100011c0                gpio_set_pulls
 .text.gpio_set_irq_enabled_with_callback
                0x100011e8       0xd0 CMakeFiles/EmbarcaTech_A6U4.dir/C_/Users/silas/.pico-sdk/sdk/2.1.0/src/rp2_common/hardware_gpio/gpio.c.obj
                0x100011e8                gpio_set_irq_enabled_with_callback
 .text.gpio_init
                0x100012b8       0x40 CMakeFiles/EmbarcaTech_A6U4.dir/C_/Users/silas/.pico-sdk/sdk/2.1.0/src/rp2_common/hardware_gpio/gpio.c.obj
                0x100012b8                gpio_init
 .text.rp2040_chip_version
                0x100012f8        0xc CMakeFiles/EmbarcaTech_A6U4.dir/C_/Users/silas/.pico-sdk/sdk/2.1.0/src/rp2040/pico_platform/platform.c.obj
                0x100012f8                rp2040_chip_version
 .text.panic    0x10001304       0x30 CMakeFiles/EmbarcaTech_A6U4.dir/C_/Users/silas/.pico-sdk/sdk/2.1.0/src/rp2_common/pico_platform_panic/panic.c.obj
                0x10001304                panic
 .text.hw_claim_lock
                0x10001334       0x18 CMakeFiles/EmbarcaTech_A6U4.dir/C_/Users/silas/.pico-sdk/sdk/2.1.0/src/common/hardware_claim/claim.c.obj
                0x10001334                hw_claim_lock
 .text.hw_claim_unlock
                0x1000134c       0x14 CMakeFiles/EmbarcaTech_A6U4.dir/C_/Users/silas/.pico-sdk/sdk/2.1.0/src/common/hardware_claim/claim.c.obj
                0x1000134c                hw_claim_unlock
 .text.hw_claim_or_assert
                0x10001360       0x44 CMakeFiles/EmbarcaTech_A6U4.dir/C_/Users/silas/.pico-sdk/sdk/2.1.0/src/common/hardware_claim/claim.c.obj
                0x10001360                hw_claim_or_assert
 .text.hw_claim_unused_from_range
                0x100013a4       0x9c CMakeFiles/EmbarcaTech_A6U4.dir/C_/Users/silas/.pico-sdk/sdk/2.1.0/src/common/hardware_claim/claim.c.obj
                0x100013a4                hw_claim_unused_from_range
 .text.next_striped_spin_lock_num
                0x10001440       0x18 CMakeFiles/EmbarcaTech_A6U4.dir/C_/Users/silas/.pico-sdk/sdk/2.1.0/src/rp2_common/hardware_sync/sync.c.obj
                0x10001440                next_striped_spin_lock_num
 .text.spin_lock_claim_unused
                0x10001458       0x24 CMakeFiles/EmbarcaTech_A6U4.dir/C_/Users/silas/.pico-sdk/sdk/2.1.0/src/rp2_common/hardware_sync/sync.c.obj
                0x10001458                spin_lock_claim_unused
 .text.spin_locks_reset
                0x1000147c       0x1c CMakeFiles/EmbarcaTech_A6U4.dir/C_/Users/silas/.pico-sdk/sdk/2.1.0/src/rp2_common/hardware_sync_spin_lock/sync_spin_lock.c.obj
                0x1000147c                spin_locks_reset
 .text.runtime_init_per_core_irq_priorities
                0x10001498       0x24 CMakeFiles/EmbarcaTech_A6U4.dir/C_/Users/silas/.pico-sdk/sdk/2.1.0/src/rp2_common/hardware_irq/irq.c.obj
                0x10001498                runtime_init_per_core_irq_priorities
 .text.irq_set_enabled
                0x100014bc       0x24 CMakeFiles/EmbarcaTech_A6U4.dir/C_/Users/silas/.pico-sdk/sdk/2.1.0/src/rp2_common/hardware_irq/irq.c.obj
                0x100014bc                irq_set_enabled
 .text.irq_is_enabled
                0x100014e0       0x18 CMakeFiles/EmbarcaTech_A6U4.dir/C_/Users/silas/.pico-sdk/sdk/2.1.0/src/rp2_common/hardware_irq/irq.c.obj
                0x100014e0                irq_is_enabled
 .text.irq_set_pending
                0x100014f8       0x10 CMakeFiles/EmbarcaTech_A6U4.dir/C_/Users/silas/.pico-sdk/sdk/2.1.0/src/rp2_common/hardware_irq/irq.c.obj
                0x100014f8                irq_set_pending
 .text.irq_has_shared_handler
                0x10001508       0x2c CMakeFiles/EmbarcaTech_A6U4.dir/C_/Users/silas/.pico-sdk/sdk/2.1.0/src/rp2_common/hardware_irq/irq.c.obj
                0x10001508                irq_has_shared_handler
 .text.irq_set_exclusive_handler
                0x10001534       0x54 CMakeFiles/EmbarcaTech_A6U4.dir/C_/Users/silas/.pico-sdk/sdk/2.1.0/src/rp2_common/hardware_irq/irq.c.obj
                0x10001534                irq_set_exclusive_handler
 .text.irq_add_shared_handler
                0x10001588      0x1f4 CMakeFiles/EmbarcaTech_A6U4.dir/C_/Users/silas/.pico-sdk/sdk/2.1.0/src/rp2_common/hardware_irq/irq.c.obj
                0x10001588                irq_add_shared_handler
 .text.irq_remove_handler
                0x1000177c      0x1d4 CMakeFiles/EmbarcaTech_A6U4.dir/C_/Users/silas/.pico-sdk/sdk/2.1.0/src/rp2_common/hardware_irq/irq.c.obj
                0x1000177c                irq_remove_handler
 .text.irq_add_tail_to_free_list
                0x10001950       0xb4 CMakeFiles/EmbarcaTech_A6U4.dir/C_/Users/silas/.pico-sdk/sdk/2.1.0/src/rp2_common/hardware_irq/irq.c.obj
                0x10001950                irq_add_tail_to_free_list
 .text.user_irq_claim_unused
                0x10001a04       0x2c CMakeFiles/EmbarcaTech_A6U4.dir/C_/Users/silas/.pico-sdk/sdk/2.1.0/src/rp2_common/hardware_irq/irq.c.obj
                0x10001a04                user_irq_claim_unused
 .text.lock_init
                0x10001a30       0x10 CMakeFiles/EmbarcaTech_A6U4.dir/C_/Users/silas/.pico-sdk/sdk/2.1.0/src/common/pico_sync/lock_core.c.obj
                0x10001a30                lock_init
 .text.runtime_init_mutex
                0x10001a40       0x50 CMakeFiles/EmbarcaTech_A6U4.dir/C_/Users/silas/.pico-sdk/sdk/2.1.0/src/common/pico_sync/mutex.c.obj
                0x10001a40                runtime_init_mutex
 .text.mutex_init
                0x10001a90       0x1c CMakeFiles/EmbarcaTech_A6U4.dir/C_/Users/silas/.pico-sdk/sdk/2.1.0/src/common/pico_sync/mutex.c.obj
                0x10001a90                mutex_init
 .text.critical_section_init
                0x10001aac       0x1c CMakeFiles/EmbarcaTech_A6U4.dir/C_/Users/silas/.pico-sdk/sdk/2.1.0/src/common/pico_sync/critical_section.c.obj
                0x10001aac                critical_section_init
 .text.critical_section_init_with_lock_num
                0x10001ac8       0x14 CMakeFiles/EmbarcaTech_A6U4.dir/C_/Users/silas/.pico-sdk/sdk/2.1.0/src/common/pico_sync/critical_section.c.obj
                0x10001ac8                critical_section_init_with_lock_num
 .text.sleep_until_callback
                0x10001adc       0x30 CMakeFiles/EmbarcaTech_A6U4.dir/C_/Users/silas/.pico-sdk/sdk/2.1.0/src/common/pico_time/time.c.obj
 .text.alarm_pool_irq_handler
                0x10001b0c      0x2fc CMakeFiles/EmbarcaTech_A6U4.dir/C_/Users/silas/.pico-sdk/sdk/2.1.0/src/common/pico_time/time.c.obj
 .text.runtime_init_default_alarm_pool
                0x10001e08       0xdc CMakeFiles/EmbarcaTech_A6U4.dir/C_/Users/silas/.pico-sdk/sdk/2.1.0/src/common/pico_time/time.c.obj
                0x10001e08                runtime_init_default_alarm_pool
 .text.alarm_pool_get_default
                0x10001ee4        0x8 CMakeFiles/EmbarcaTech_A6U4.dir/C_/Users/silas/.pico-sdk/sdk/2.1.0/src/common/pico_time/time.c.obj
                0x10001ee4                alarm_pool_get_default
 .text.alarm_pool_add_alarm_at
                0x10001eec       0xd4 CMakeFiles/EmbarcaTech_A6U4.dir/C_/Users/silas/.pico-sdk/sdk/2.1.0/src/common/pico_time/time.c.obj
                0x10001eec                alarm_pool_add_alarm_at
 .text.alarm_pool_add_alarm_at_force_in_context
                0x10001fc0       0xb0 CMakeFiles/EmbarcaTech_A6U4.dir/C_/Users/silas/.pico-sdk/sdk/2.1.0/src/common/pico_time/time.c.obj
                0x10001fc0                alarm_pool_add_alarm_at_force_in_context
 .text.alarm_pool_cancel_alarm
                0x10002070       0x74 CMakeFiles/EmbarcaTech_A6U4.dir/C_/Users/silas/.pico-sdk/sdk/2.1.0/src/common/pico_time/time.c.obj
                0x10002070                alarm_pool_cancel_alarm
 .text.alarm_pool_core_num
                0x100020e4        0x4 CMakeFiles/EmbarcaTech_A6U4.dir/C_/Users/silas/.pico-sdk/sdk/2.1.0/src/common/pico_time/time.c.obj
                0x100020e4                alarm_pool_core_num
 .text.best_effort_wfe_or_timeout
                0x100020e8       0xe0 CMakeFiles/EmbarcaTech_A6U4.dir/C_/Users/silas/.pico-sdk/sdk/2.1.0/src/common/pico_time/time.c.obj
                0x100020e8                best_effort_wfe_or_timeout
 .text.timer_hardware_alarm_claim
                0x100021c8       0x14 CMakeFiles/EmbarcaTech_A6U4.dir/C_/Users/silas/.pico-sdk/sdk/2.1.0/src/rp2_common/hardware_timer/timer.c.obj
                0x100021c8                timer_hardware_alarm_claim
 .text.timer_time_us_64
                0x100021dc       0x10 CMakeFiles/EmbarcaTech_A6U4.dir/C_/Users/silas/.pico-sdk/sdk/2.1.0/src/rp2_common/hardware_timer/timer.c.obj
                0x100021dc                timer_time_us_64
 .text.time_us_64
                0x100021ec       0x14 CMakeFiles/EmbarcaTech_A6U4.dir/C_/Users/silas/.pico-sdk/sdk/2.1.0/src/rp2_common/hardware_timer/timer.c.obj
                0x100021ec                time_us_64
 .text.busy_wait_us
                0x10002200       0x68 CMakeFiles/EmbarcaTech_A6U4.dir/C_/Users/silas/.pico-sdk/sdk/2.1.0/src/rp2_common/hardware_timer/timer.c.obj
                0x10002200                busy_wait_us
 .text.uart_init
                0x10002268      0x120 CMakeFiles/EmbarcaTech_A6U4.dir/C_/Users/silas/.pico-sdk/sdk/2.1.0/src/rp2_common/hardware_uart/uart.c.obj
                0x10002268                uart_init
 .text.clock_configure_int_divider
                0x10002388       0xf4 CMakeFiles/EmbarcaTech_A6U4.dir/C_/Users/silas/.pico-sdk/sdk/2.1.0/src/rp2_common/hardware_clocks/clocks.c.obj
                0x10002388                clock_configure_int_divider
 .text.clock_configure_undivided
                0x1000247c       0xe8 CMakeFiles/EmbarcaTech_A6U4.dir/C_/Users/silas/.pico-sdk/sdk/2.1.0/src/rp2_common/hardware_clocks/clocks.c.obj
                0x1000247c                clock_configure_undivided
 .text.clock_get_hz
                0x10002564        0xc CMakeFiles/EmbarcaTech_A6U4.dir/C_/Users/silas/.pico-sdk/sdk/2.1.0/src/rp2_common/hardware_clocks/clocks.c.obj
                0x10002564                clock_get_hz
 .text.set_sys_clock_pll
                0x10002570      0x1b8 CMakeFiles/EmbarcaTech_A6U4.dir/C_/Users/silas/.pico-sdk/sdk/2.1.0/src/rp2_common/hardware_clocks/clocks.c.obj
                0x10002570                set_sys_clock_pll
 .text.check_sys_clock_khz
                0x10002728      0x234 CMakeFiles/EmbarcaTech_A6U4.dir/C_/Users/silas/.pico-sdk/sdk/2.1.0/src/rp2_common/hardware_clocks/clocks.c.obj
                0x10002728                check_sys_clock_khz
 .text.pll_init
                0x1000295c       0xa4 CMakeFiles/EmbarcaTech_A6U4.dir/C_/Users/silas/.pico-sdk/sdk/2.1.0/src/rp2_common/hardware_pll/pll.c.obj
                0x1000295c                pll_init
 .text.watchdog_reboot
                0x10002a00       0x9c CMakeFiles/EmbarcaTech_A6U4.dir/C_/Users/silas/.pico-sdk/sdk/2.1.0/src/rp2_common/hardware_watchdog/watchdog.c.obj
                0x10002a00                watchdog_reboot
 .text.tick_start
                0x10002a9c       0x10 CMakeFiles/EmbarcaTech_A6U4.dir/C_/Users/silas/.pico-sdk/sdk/2.1.0/src/rp2_common/hardware_ticks/ticks.c.obj
                0x10002a9c                tick_start
 .text.rom_func_lookup
                0x10002aac       0x10 CMakeFiles/EmbarcaTech_A6U4.dir/C_/Users/silas/.pico-sdk/sdk/2.1.0/src/rp2_common/pico_bootrom/bootrom.c.obj
                0x10002aac                rom_func_lookup
 .text.rom_data_lookup
                0x10002abc       0x10 CMakeFiles/EmbarcaTech_A6U4.dir/C_/Users/silas/.pico-sdk/sdk/2.1.0/src/rp2_common/pico_bootrom/bootrom.c.obj
                0x10002abc                rom_data_lookup
 .text.rom_funcs_lookup
                0x10002acc       0x44 CMakeFiles/EmbarcaTech_A6U4.dir/C_/Users/silas/.pico-sdk/sdk/2.1.0/src/rp2_common/pico_bootrom/bootrom.c.obj
                0x10002acc                rom_funcs_lookup
 .text.rom_reset_usb_boot_extra
                0x10002b10       0x28 CMakeFiles/EmbarcaTech_A6U4.dir/C_/Users/silas/.pico-sdk/sdk/2.1.0/src/rp2_common/pico_bootrom/bootrom.c.obj
                0x10002b10                rom_reset_usb_boot_extra
 .text.xosc_init
                0x10002b38       0x28 CMakeFiles/EmbarcaTech_A6U4.dir/C_/Users/silas/.pico-sdk/sdk/2.1.0/src/rp2_common/hardware_xosc/xosc.c.obj
                0x10002b38                xosc_init
 .text.first_per_core_initializer
                0x10002b60        0x4 CMakeFiles/EmbarcaTech_A6U4.dir/C_/Users/silas/.pico-sdk/sdk/2.1.0/src/rp2_common/pico_runtime/runtime.c.obj
 .text.hard_assertion_failure
                0x10002b64        0xc CMakeFiles/EmbarcaTech_A6U4.dir/C_/Users/silas/.pico-sdk/sdk/2.1.0/src/rp2_common/pico_runtime/runtime.c.obj
                0x10002b64                hard_assertion_failure
 .text.runtime_run_initializers
                0x10002b70       0x28 CMakeFiles/EmbarcaTech_A6U4.dir/C_/Users/silas/.pico-sdk/sdk/2.1.0/src/rp2_common/pico_runtime/runtime.c.obj
                0x10002b70                runtime_run_initializers
 .text.runtime_init_early_resets
                0x10002b98       0x2c CMakeFiles/EmbarcaTech_A6U4.dir/C_/Users/silas/.pico-sdk/sdk/2.1.0/src/rp2_common/pico_runtime_init/runtime_init.c.obj
                0x10002b98                runtime_init_early_resets
 .text.runtime_init_usb_power_down
                0x10002bc4       0x1c CMakeFiles/EmbarcaTech_A6U4.dir/C_/Users/silas/.pico-sdk/sdk/2.1.0/src/rp2_common/pico_runtime_init/runtime_init.c.obj
                0x10002bc4                runtime_init_usb_power_down
 .text.runtime_init_post_clock_resets
                0x10002be0       0x20 CMakeFiles/EmbarcaTech_A6U4.dir/C_/Users/silas/.pico-sdk/sdk/2.1.0/src/rp2_common/pico_runtime_init/runtime_init.c.obj
                0x10002be0                runtime_init_post_clock_resets
 .text.runtime_init_rp2040_gpio_ie_disable
                0x10002c00       0x14 CMakeFiles/EmbarcaTech_A6U4.dir/C_/Users/silas/.pico-sdk/sdk/2.1.0/src/rp2_common/pico_runtime_init/runtime_init.c.obj
                0x10002c00                runtime_init_rp2040_gpio_ie_disable
 .text.runtime_init_spin_locks_reset
                0x10002c14        0x8 CMakeFiles/EmbarcaTech_A6U4.dir/C_/Users/silas/.pico-sdk/sdk/2.1.0/src/rp2_common/pico_runtime_init/runtime_init.c.obj
                0x10002c14                runtime_init_spin_locks_reset
 .text.runtime_init_install_ram_vector_table
                0x10002c1c       0x1c CMakeFiles/EmbarcaTech_A6U4.dir/C_/Users/silas/.pico-sdk/sdk/2.1.0/src/rp2_common/pico_runtime_init/runtime_init.c.obj
                0x10002c1c                runtime_init_install_ram_vector_table
 .text.runtime_init_clocks
                0x10002c38       0xd8 CMakeFiles/EmbarcaTech_A6U4.dir/C_/Users/silas/.pico-sdk/sdk/2.1.0/src/rp2_common/pico_runtime_init/runtime_init_clocks.c.obj
                0x10002c38                runtime_init_clocks
 .text          0x10002d10       0x10 CMakeFiles/EmbarcaTech_A6U4.dir/C_/Users/silas/.pico-sdk/sdk/2.1.0/src/rp2_common/pico_bit_ops/bit_ops_aeabi.S.obj
 .text.__wrap___aeabi_idiv
                0x10002d20       0x50 CMakeFiles/EmbarcaTech_A6U4.dir/C_/Users/silas/.pico-sdk/sdk/2.1.0/src/rp2_common/pico_divider/divider_hardware.S.obj
                0x10002d20                __wrap___aeabi_idivmod
                0x10002d20                divmod_s32s32
                0x10002d20                div_s32s32
                0x10002d20                __wrap___aeabi_idiv
                0x10002d28                divmod_s32s32_unsafe
                0x10002d54                divmod_s32s32_savestate
 .text.__wrap___aeabi_uidiv
                0x10002d70       0x4c CMakeFiles/EmbarcaTech_A6U4.dir/C_/Users/silas/.pico-sdk/sdk/2.1.0/src/rp2_common/pico_divider/divider_hardware.S.obj
                0x10002d70                __wrap___aeabi_uidiv
                0x10002d70                __wrap___aeabi_uidivmod
                0x10002d70                div_u32u32
                0x10002d70                divmod_u32u32
                0x10002d78                divmod_u32u32_unsafe
                0x10002da0                divmod_u32u32_savestate
 .text.__wrap___aeabi_ldiv
                0x10002dbc      0x424 CMakeFiles/EmbarcaTech_A6U4.dir/C_/Users/silas/.pico-sdk/sdk/2.1.0/src/rp2_common/pico_divider/divider_hardware.S.obj
                0x10002dbc                div_s64s64
                0x10002dbc                divmod_s64s64
                0x10002dbc                __wrap___aeabi_ldivmod
                0x10002dec                divmod_u64u64
                0x10002dec                div_u64u64
                0x10002dec                __wrap___aeabi_uldivmod
                0x10002dfc                divmod_u64u64_savestate
                0x10002e1c                divmod_s64s64_unsafe
                0x10002ea4                divmod_u64u64_unsafe
 .text.__wrap___aeabi_darithmetic
                0x100031e0       0x60 CMakeFiles/EmbarcaTech_A6U4.dir/C_/Users/silas/.pico-sdk/sdk/2.1.0/src/rp2_common/pico_double/double_aeabi_rp2040.S.obj
                0x100031e0                __wrap___aeabi_drsub
                0x100031e6                __wrap___aeabi_dsub
                0x100031f0                __wrap___aeabi_dadd
                0x100031fa                __wrap___aeabi_ddiv
                0x1000322e                __wrap___aeabi_dmul
 .text.__wrap___aeabi_cdcmple
                0x10003240       0x6c CMakeFiles/EmbarcaTech_A6U4.dir/C_/Users/silas/.pico-sdk/sdk/2.1.0/src/rp2_common/pico_double/double_aeabi_rp2040.S.obj
                0x10003240                __wrap___aeabi_cdrcmple
                0x10003250                __wrap___aeabi_cdcmpeq
                0x10003250                __wrap___aeabi_cdcmple
 .text.__wrap___aeabi_dcmplt
                0x100032ac        0xc CMakeFiles/EmbarcaTech_A6U4.dir/C_/Users/silas/.pico-sdk/sdk/2.1.0/src/rp2_common/pico_double/double_aeabi_rp2040.S.obj
                0x100032ac                __wrap___aeabi_dcmplt
 .text.__wrap___aeabi_dcmpge
                0x100032b8       0x10 CMakeFiles/EmbarcaTech_A6U4.dir/C_/Users/silas/.pico-sdk/sdk/2.1.0/src/rp2_common/pico_double/double_aeabi_rp2040.S.obj
                0x100032b8                __wrap___aeabi_dcmpge
 .text.__wrap___aeabi_dcmpgt
                0x100032c8        0xa CMakeFiles/EmbarcaTech_A6U4.dir/C_/Users/silas/.pico-sdk/sdk/2.1.0/src/rp2_common/pico_double/double_aeabi_rp2040.S.obj
                0x100032c8                __wrap___aeabi_dcmpgt
 .text.__wrap___aeabi_dcmpun
                0x100032d2       0x18 CMakeFiles/EmbarcaTech_A6U4.dir/C_/Users/silas/.pico-sdk/sdk/2.1.0/src/rp2_common/pico_double/double_aeabi_rp2040.S.obj
                0x100032d2                __wrap___aeabi_dcmpun
 *fill*         0x100032ea        0x2 
 .text.__wrap___aeabi_i2d
                0x100032ec       0x38 CMakeFiles/EmbarcaTech_A6U4.dir/C_/Users/silas/.pico-sdk/sdk/2.1.0/src/rp2_common/pico_double/double_aeabi_rp2040.S.obj
                0x100032ec                __wrap___aeabi_ui2d
                0x100032f4                __wrap___aeabi_i2d
 .text.__wrap___aeabi_d2iz
                0x10003324       0x48 CMakeFiles/EmbarcaTech_A6U4.dir/C_/Users/silas/.pico-sdk/sdk/2.1.0/src/rp2_common/pico_double/double_aeabi_rp2040.S.obj
                0x10003324                double2int_z
                0x10003324                __wrap___aeabi_d2iz
 .text.__wrap___aeabi_d2uiz
                0x1000336c       0x10 CMakeFiles/EmbarcaTech_A6U4.dir/C_/Users/silas/.pico-sdk/sdk/2.1.0/src/rp2_common/pico_double/double_aeabi_rp2040.S.obj
                0x1000336c                __wrap___aeabi_d2uiz
                0x1000336c                double2uint
 .text.__wrap___aeabi_d2f
                0x1000337c       0x10 CMakeFiles/EmbarcaTech_A6U4.dir/C_/Users/silas/.pico-sdk/sdk/2.1.0/src/rp2_common/pico_double/double_aeabi_rp2040.S.obj
                0x1000337c                __wrap___aeabi_d2f
 .text.missing_double_func_shim
                0x1000338c        0xc CMakeFiles/EmbarcaTech_A6U4.dir/C_/Users/silas/.pico-sdk/sdk/2.1.0/src/rp2_common/pico_double/double_init_rom_rp2040.c.obj
 .text.__aeabi_double_init
                0x10003398       0xa0 CMakeFiles/EmbarcaTech_A6U4.dir/C_/Users/silas/.pico-sdk/sdk/2.1.0/src/rp2_common/pico_double/double_init_rom_rp2040.c.obj
                0x10003398                __aeabi_double_init
 .text.double_table_shim_on_use_helper
                0x10003438       0x2c CMakeFiles/EmbarcaTech_A6U4.dir/C_/Users/silas/.pico-sdk/sdk/2.1.0/src/rp2_common/pico_double/double_v1_rom_shim_rp2040.S.obj
                0x10003438                double_table_shim_on_use_helper
 .text.__aeabi_lmul
                0x10003464       0x32 CMakeFiles/EmbarcaTech_A6U4.dir/C_/Users/silas/.pico-sdk/sdk/2.1.0/src/rp2_common/pico_int64_ops/pico_int64_ops_aeabi.S.obj
                0x10003464                __wrap___aeabi_lmul
 *fill*         0x10003496        0x2 
 .text.__wrap___aeabi_farithmetic
                0x10003498       0x48 CMakeFiles/EmbarcaTech_A6U4.dir/C_/Users/silas/.pico-sdk/sdk/2.1.0/src/rp2_common/pico_float/float_aeabi_rp2040.S.obj
                0x10003498                __wrap___aeabi_frsub
                0x1000349e                __wrap___aeabi_fsub
                0x100034a4                __wrap___aeabi_fadd
                0x100034aa                __wrap___aeabi_fdiv
                0x100034d2                __wrap___aeabi_fmul
 .text.__wrap___aeabi_ui2f
                0x100034e0        0xa CMakeFiles/EmbarcaTech_A6U4.dir/C_/Users/silas/.pico-sdk/sdk/2.1.0/src/rp2_common/pico_float/float_aeabi_rp2040.S.obj
                0x100034e0                __wrap___aeabi_ui2f
                0x100034e0                uint2float
 *fill*         0x100034ea        0x2 
 .text.__wrap___aeabi_i2f
                0x100034ec       0x44 CMakeFiles/EmbarcaTech_A6U4.dir/C_/Users/silas/.pico-sdk/sdk/2.1.0/src/rp2_common/pico_float/float_aeabi_rp2040.S.obj
                0x100034ec                __wrap___aeabi_i2f
                0x100034ec                int2float
 .text.__wrap___aeabi_f2uiz
                0x10003530        0xc CMakeFiles/EmbarcaTech_A6U4.dir/C_/Users/silas/.pico-sdk/sdk/2.1.0/src/rp2_common/pico_float/float_aeabi_rp2040.S.obj
                0x10003530                __wrap___aeabi_f2uiz
                0x10003530                float2uint_z
 .text.missing_float_func_shim
                0x1000353c        0xc CMakeFiles/EmbarcaTech_A6U4.dir/C_/Users/silas/.pico-sdk/sdk/2.1.0/src/rp2_common/pico_float/float_init_rom_rp2040.c.obj
 .text.__aeabi_float_init
                0x10003548       0x5c CMakeFiles/EmbarcaTech_A6U4.dir/C_/Users/silas/.pico-sdk/sdk/2.1.0/src/rp2_common/pico_float/float_init_rom_rp2040.c.obj
                0x10003548                __aeabi_float_init
 .text.__wrap_calloc
                0x100035a4       0x28 CMakeFiles/EmbarcaTech_A6U4.dir/C_/Users/silas/.pico-sdk/sdk/2.1.0/src/rp2_common/pico_malloc/malloc.c.obj
                0x100035a4                __wrap_calloc
 .text          0x100035cc       0x10 CMakeFiles/EmbarcaTech_A6U4.dir/C_/Users/silas/.pico-sdk/sdk/2.1.0/src/rp2_common/pico_mem_ops/mem_ops_aeabi.S.obj
                0x100035cc                __aeabi_mem_init
 .text.memset   0x100035dc        0xc CMakeFiles/EmbarcaTech_A6U4.dir/C_/Users/silas/.pico-sdk/sdk/2.1.0/src/rp2_common/pico_mem_ops/mem_ops_aeabi.S.obj
                0x100035dc                __wrap_memset
 .text.memcpy   0x100035e8        0xc CMakeFiles/EmbarcaTech_A6U4.dir/C_/Users/silas/.pico-sdk/sdk/2.1.0/src/rp2_common/pico_mem_ops/mem_ops_aeabi.S.obj
                0x100035e8                __wrap_memcpy
                0x100035e8                __wrap___aeabi_memcpy
 .text._out_null
                0x100035f4        0x4 CMakeFiles/EmbarcaTech_A6U4.dir/C_/Users/silas/.pico-sdk/sdk/2.1.0/src/rp2_common/pico_printf/printf.c.obj
 .text._out_rev
                0x100035f8       0xac CMakeFiles/EmbarcaTech_A6U4.dir/C_/Users/silas/.pico-sdk/sdk/2.1.0/src/rp2_common/pico_printf/printf.c.obj
 .text._ntoa_format
                0x100036a4      0x250 CMakeFiles/EmbarcaTech_A6U4.dir/C_/Users/silas/.pico-sdk/sdk/2.1.0/src/rp2_common/pico_printf/printf.c.obj
 .text._out_char
                0x100038f4       0x10 CMakeFiles/EmbarcaTech_A6U4.dir/C_/Users/silas/.pico-sdk/sdk/2.1.0/src/rp2_common/pico_printf/printf.c.obj
 .text._out_fct
                0x10003904       0x10 CMakeFiles/EmbarcaTech_A6U4.dir/C_/Users/silas/.pico-sdk/sdk/2.1.0/src/rp2_common/pico_printf/printf.c.obj
 .text._etoa    0x10003914      0x464 CMakeFiles/EmbarcaTech_A6U4.dir/C_/Users/silas/.pico-sdk/sdk/2.1.0/src/rp2_common/pico_printf/printf.c.obj
 .text._ftoa    0x10003d78      0x3c0 CMakeFiles/EmbarcaTech_A6U4.dir/C_/Users/silas/.pico-sdk/sdk/2.1.0/src/rp2_common/pico_printf/printf.c.obj
 .text._vsnprintf
                0x10004138      0xbc8 CMakeFiles/EmbarcaTech_A6U4.dir/C_/Users/silas/.pico-sdk/sdk/2.1.0/src/rp2_common/pico_printf/printf.c.obj
 .text.vfctprintf
                0x10004d00       0x20 CMakeFiles/EmbarcaTech_A6U4.dir/C_/Users/silas/.pico-sdk/sdk/2.1.0/src/rp2_common/pico_printf/printf.c.obj
                0x10004d00                vfctprintf
 .text.weak_raw_vprintf
                0x10004d20       0x30 CMakeFiles/EmbarcaTech_A6U4.dir/C_/Users/silas/.pico-sdk/sdk/2.1.0/src/rp2_common/pico_printf/printf.c.obj
                0x10004d20                weak_raw_vprintf
 .text._exit    0x10004d50        0x4 CMakeFiles/EmbarcaTech_A6U4.dir/C_/Users/silas/.pico-sdk/sdk/2.1.0/src/rp2_common/pico_clib_interface/newlib_interface.c.obj
                0x10004d50                _exit
 .text._sbrk    0x10004d54       0x34 CMakeFiles/EmbarcaTech_A6U4.dir/C_/Users/silas/.pico-sdk/sdk/2.1.0/src/rp2_common/pico_clib_interface/newlib_interface.c.obj
                0x10004d54                _sbrk
 .text.exit     0x10004d88        0x8 CMakeFiles/EmbarcaTech_A6U4.dir/C_/Users/silas/.pico-sdk/sdk/2.1.0/src/rp2_common/pico_clib_interface/newlib_interface.c.obj
                0x10004d88                exit
 .text.runtime_init
                0x10004d90       0x2c CMakeFiles/EmbarcaTech_A6U4.dir/C_/Users/silas/.pico-sdk/sdk/2.1.0/src/rp2_common/pico_clib_interface/newlib_interface.c.obj
                0x10004d90                runtime_init
 .text.stdio_out_chars_no_crlf
                0x10004dbc       0x10 CMakeFiles/EmbarcaTech_A6U4.dir/C_/Users/silas/.pico-sdk/sdk/2.1.0/src/rp2_common/pico_stdio/stdio.c.obj
 .text.stdio_out_chars_crlf
                0x10004dcc       0x94 CMakeFiles/EmbarcaTech_A6U4.dir/C_/Users/silas/.pico-sdk/sdk/2.1.0/src/rp2_common/pico_stdio/stdio.c.obj
 .text.stdio_buffered_printer
                0x10004e60       0x64 CMakeFiles/EmbarcaTech_A6U4.dir/C_/Users/silas/.pico-sdk/sdk/2.1.0/src/rp2_common/pico_stdio/stdio.c.obj
 .text.stdio_put_string
                0x10004ec4      0x100 CMakeFiles/EmbarcaTech_A6U4.dir/C_/Users/silas/.pico-sdk/sdk/2.1.0/src/rp2_common/pico_stdio/stdio.c.obj
                0x10004ec4                stdio_put_string
 .text.stdio_set_driver_enabled
                0x10004fc4       0x30 CMakeFiles/EmbarcaTech_A6U4.dir/C_/Users/silas/.pico-sdk/sdk/2.1.0/src/rp2_common/pico_stdio/stdio.c.obj
                0x10004fc4                stdio_set_driver_enabled
 .text.stdio_init_all
                0x10004ff4       0x10 CMakeFiles/EmbarcaTech_A6U4.dir/C_/Users/silas/.pico-sdk/sdk/2.1.0/src/rp2_common/pico_stdio/stdio.c.obj
                0x10004ff4                stdio_init_all
 .text.stdio_getchar_timeout_us
                0x10005004       0x98 CMakeFiles/EmbarcaTech_A6U4.dir/C_/Users/silas/.pico-sdk/sdk/2.1.0/src/rp2_common/pico_stdio/stdio.c.obj
                0x10005004                stdio_getchar_timeout_us
 .text.__wrap_putchar
                0x1000509c       0x98 CMakeFiles/EmbarcaTech_A6U4.dir/C_/Users/silas/.pico-sdk/sdk/2.1.0/src/rp2_common/pico_stdio/stdio.c.obj
                0x1000509c                __wrap_putchar
                0x1000509c                stdio_putchar
 .text.__wrap_puts
                0x10005134       0x3c CMakeFiles/EmbarcaTech_A6U4.dir/C_/Users/silas/.pico-sdk/sdk/2.1.0/src/rp2_common/pico_stdio/stdio.c.obj
                0x10005134                stdio_puts
                0x10005134                __wrap_puts
 .text.__wrap_vprintf
                0x10005170       0xd4 CMakeFiles/EmbarcaTech_A6U4.dir/C_/Users/silas/.pico-sdk/sdk/2.1.0/src/rp2_common/pico_stdio/stdio.c.obj
                0x10005170                stdio_vprintf
                0x10005170                __wrap_vprintf
 .text.__wrap_printf
                0x10005244       0x18 CMakeFiles/EmbarcaTech_A6U4.dir/C_/Users/silas/.pico-sdk/sdk/2.1.0/src/rp2_common/pico_stdio/stdio.c.obj
                0x10005244                __wrap_printf
                0x10005244                stdio_printf
 .text.stdio_uart_out_chars
                0x1000525c       0x4c CMakeFiles/EmbarcaTech_A6U4.dir/C_/Users/silas/.pico-sdk/sdk/2.1.0/src/rp2_common/pico_stdio_uart/stdio_uart.c.obj
 .text.stdio_uart_in_chars
                0x100052a8       0x90 CMakeFiles/EmbarcaTech_A6U4.dir/C_/Users/silas/.pico-sdk/sdk/2.1.0/src/rp2_common/pico_stdio_uart/stdio_uart.c.obj
                0x100052a8                stdio_uart_in_chars
 .text.on_uart_rx
                0x10005338       0x28 CMakeFiles/EmbarcaTech_A6U4.dir/C_/Users/silas/.pico-sdk/sdk/2.1.0/src/rp2_common/pico_stdio_uart/stdio_uart.c.obj
 .text.stdio_uart_out_flush
                0x10005360       0x14 CMakeFiles/EmbarcaTech_A6U4.dir/C_/Users/silas/.pico-sdk/sdk/2.1.0/src/rp2_common/pico_stdio_uart/stdio_uart.c.obj
 .text.stdio_uart_set_chars_available_callback
                0x10005374       0x84 CMakeFiles/EmbarcaTech_A6U4.dir/C_/Users/silas/.pico-sdk/sdk/2.1.0/src/rp2_common/pico_stdio_uart/stdio_uart.c.obj
 .text.stdio_uart_init
                0x100053f8       0x50 CMakeFiles/EmbarcaTech_A6U4.dir/C_/Users/silas/.pico-sdk/sdk/2.1.0/src/rp2_common/pico_stdio_uart/stdio_uart.c.obj
                0x100053f8                stdio_uart_init
 .text.resetd_init
                0x10005448        0x4 CMakeFiles/EmbarcaTech_A6U4.dir/C_/Users/silas/.pico-sdk/sdk/2.1.0/src/rp2_common/pico_stdio_usb/reset_interface.c.obj
 .text.resetd_reset
                0x1000544c        0xc CMakeFiles/EmbarcaTech_A6U4.dir/C_/Users/silas/.pico-sdk/sdk/2.1.0/src/rp2_common/pico_stdio_usb/reset_interface.c.obj
 .text.resetd_open
                0x10005458       0x28 CMakeFiles/EmbarcaTech_A6U4.dir/C_/Users/silas/.pico-sdk/sdk/2.1.0/src/rp2_common/pico_stdio_usb/reset_interface.c.obj
 .text.resetd_xfer_cb
                0x10005480        0x4 CMakeFiles/EmbarcaTech_A6U4.dir/C_/Users/silas/.pico-sdk/sdk/2.1.0/src/rp2_common/pico_stdio_usb/reset_interface.c.obj
 .text.resetd_control_xfer_cb
                0x10005484       0x5c CMakeFiles/EmbarcaTech_A6U4.dir/C_/Users/silas/.pico-sdk/sdk/2.1.0/src/rp2_common/pico_stdio_usb/reset_interface.c.obj
 .text.tud_descriptor_bos_cb
                0x100054e0        0x8 CMakeFiles/EmbarcaTech_A6U4.dir/C_/Users/silas/.pico-sdk/sdk/2.1.0/src/rp2_common/pico_stdio_usb/reset_interface.c.obj
                0x100054e0                tud_descriptor_bos_cb
 .text.tud_vendor_control_xfer_cb
                0x100054e8       0x34 CMakeFiles/EmbarcaTech_A6U4.dir/C_/Users/silas/.pico-sdk/sdk/2.1.0/src/rp2_common/pico_stdio_usb/reset_interface.c.obj
                0x100054e8                tud_vendor_control_xfer_cb
 .text.usbd_app_driver_get_cb
                0x1000551c        0xc CMakeFiles/EmbarcaTech_A6U4.dir/C_/Users/silas/.pico-sdk/sdk/2.1.0/src/rp2_common/pico_stdio_usb/reset_interface.c.obj
                0x1000551c                usbd_app_driver_get_cb
 .text.tud_cdc_line_coding_cb
                0x10005528       0x2c CMakeFiles/EmbarcaTech_A6U4.dir/C_/Users/silas/.pico-sdk/sdk/2.1.0/src/rp2_common/pico_stdio_usb/reset_interface.c.obj
                0x10005528                tud_cdc_line_coding_cb
 .text.stdio_usb_set_chars_available_callback
                0x10005554       0x14 CMakeFiles/EmbarcaTech_A6U4.dir/C_/Users/silas/.pico-sdk/sdk/2.1.0/src/rp2_common/pico_stdio_usb/stdio_usb.c.obj
                0x10005554                stdio_usb_set_chars_available_callback
 .text.usb_irq  0x10005568       0x10 CMakeFiles/EmbarcaTech_A6U4.dir/C_/Users/silas/.pico-sdk/sdk/2.1.0/src/rp2_common/pico_stdio_usb/stdio_usb.c.obj
 .text.timer_task
                0x10005578       0x64 CMakeFiles/EmbarcaTech_A6U4.dir/C_/Users/silas/.pico-sdk/sdk/2.1.0/src/rp2_common/pico_stdio_usb/stdio_usb.c.obj
 .text.stdio_usb_in_chars
                0x100055dc       0x90 CMakeFiles/EmbarcaTech_A6U4.dir/C_/Users/silas/.pico-sdk/sdk/2.1.0/src/rp2_common/pico_stdio_usb/stdio_usb.c.obj
                0x100055dc                stdio_usb_in_chars
 .text.stdio_usb_out_flush
                0x1000566c       0x50 CMakeFiles/EmbarcaTech_A6U4.dir/C_/Users/silas/.pico-sdk/sdk/2.1.0/src/rp2_common/pico_stdio_usb/stdio_usb.c.obj
 .text.stdio_usb_out_chars
                0x100056bc      0x104 CMakeFiles/EmbarcaTech_A6U4.dir/C_/Users/silas/.pico-sdk/sdk/2.1.0/src/rp2_common/pico_stdio_usb/stdio_usb.c.obj
 .text.low_priority_worker_irq
                0x100057c0       0xcc CMakeFiles/EmbarcaTech_A6U4.dir/C_/Users/silas/.pico-sdk/sdk/2.1.0/src/rp2_common/pico_stdio_usb/stdio_usb.c.obj
 .text.stdio_usb_init
                0x1000588c       0xe8 CMakeFiles/EmbarcaTech_A6U4.dir/C_/Users/silas/.pico-sdk/sdk/2.1.0/src/rp2_common/pico_stdio_usb/stdio_usb.c.obj
                0x1000588c                stdio_usb_init
 .text.tud_descriptor_device_cb
                0x10005974        0x8 CMakeFiles/EmbarcaTech_A6U4.dir/C_/Users/silas/.pico-sdk/sdk/2.1.0/src/rp2_common/pico_stdio_usb/stdio_usb_descriptors.c.obj
                0x10005974                tud_descriptor_device_cb
 .text.tud_descriptor_configuration_cb
                0x1000597c        0x8 CMakeFiles/EmbarcaTech_A6U4.dir/C_/Users/silas/.pico-sdk/sdk/2.1.0/src/rp2_common/pico_stdio_usb/stdio_usb_descriptors.c.obj
                0x1000597c                tud_descriptor_configuration_cb
 .text.tud_descriptor_string_cb
                0x10005984       0x78 CMakeFiles/EmbarcaTech_A6U4.dir/C_/Users/silas/.pico-sdk/sdk/2.1.0/src/rp2_common/pico_stdio_usb/stdio_usb_descriptors.c.obj
                0x10005984                tud_descriptor_string_cb
 .text.startup._retrieve_unique_id_on_boot
                0x100059fc       0x10 CMakeFiles/EmbarcaTech_A6U4.dir/C_/Users/silas/.pico-sdk/sdk/2.1.0/src/rp2_common/pico_unique_id/unique_id.c.obj
 .text.pico_get_unique_board_id_string
                0x10005a0c      0x1a8 CMakeFiles/EmbarcaTech_A6U4.dir/C_/Users/silas/.pico-sdk/sdk/2.1.0/src/rp2_common/pico_unique_id/unique_id.c.obj
                0x10005a0c                pico_get_unique_board_id_string
 .text.flash_get_unique_id
                0x10005bb4       0x3c CMakeFiles/EmbarcaTech_A6U4.dir/C_/Users/silas/.pico-sdk/sdk/2.1.0/src/rp2_common/hardware_flash/flash.c.obj
                0x10005bb4                flash_get_unique_id
 .text.dcd_init
                0x10005bf0       0x8c CMakeFiles/EmbarcaTech_A6U4.dir/C_/Users/silas/.pico-sdk/sdk/2.1.0/lib/tinyusb/src/portable/raspberrypi/rp2040/dcd_rp2040.c.obj
                0x10005bf0                dcd_init
 .text.dcd_int_enable
                0x10005c7c        0xc CMakeFiles/EmbarcaTech_A6U4.dir/C_/Users/silas/.pico-sdk/sdk/2.1.0/lib/tinyusb/src/portable/raspberrypi/rp2040/dcd_rp2040.c.obj
                0x10005c7c                dcd_int_enable
 .text.dcd_set_address
                0x10005c88       0x14 CMakeFiles/EmbarcaTech_A6U4.dir/C_/Users/silas/.pico-sdk/sdk/2.1.0/lib/tinyusb/src/portable/raspberrypi/rp2040/dcd_rp2040.c.obj
                0x10005c88                dcd_set_address
 .text.dcd_sof_enable
                0x10005c9c       0x1c CMakeFiles/EmbarcaTech_A6U4.dir/C_/Users/silas/.pico-sdk/sdk/2.1.0/lib/tinyusb/src/portable/raspberrypi/rp2040/dcd_rp2040.c.obj
                0x10005c9c                dcd_sof_enable
 .text.dcd_edpt0_status_complete
                0x10005cb8       0x1c CMakeFiles/EmbarcaTech_A6U4.dir/C_/Users/silas/.pico-sdk/sdk/2.1.0/lib/tinyusb/src/portable/raspberrypi/rp2040/dcd_rp2040.c.obj
                0x10005cb8                dcd_edpt0_status_complete
 .text.dcd_edpt_open
                0x10005cd4      0x108 CMakeFiles/EmbarcaTech_A6U4.dir/C_/Users/silas/.pico-sdk/sdk/2.1.0/lib/tinyusb/src/portable/raspberrypi/rp2040/dcd_rp2040.c.obj
                0x10005cd4                dcd_edpt_open
 .text.dcd_edpt_close_all
                0x10005ddc        0x8 CMakeFiles/EmbarcaTech_A6U4.dir/C_/Users/silas/.pico-sdk/sdk/2.1.0/lib/tinyusb/src/portable/raspberrypi/rp2040/dcd_rp2040.c.obj
                0x10005ddc                dcd_edpt_close_all
 .text.dcd_edpt_xfer
                0x10005de4       0x24 CMakeFiles/EmbarcaTech_A6U4.dir/C_/Users/silas/.pico-sdk/sdk/2.1.0/lib/tinyusb/src/portable/raspberrypi/rp2040/dcd_rp2040.c.obj
                0x10005de4                dcd_edpt_xfer
 .text.dcd_edpt_stall
                0x10005e08       0x34 CMakeFiles/EmbarcaTech_A6U4.dir/C_/Users/silas/.pico-sdk/sdk/2.1.0/lib/tinyusb/src/portable/raspberrypi/rp2040/dcd_rp2040.c.obj
                0x10005e08                dcd_edpt_stall
 .text.dcd_edpt_clear_stall
                0x10005e3c       0x30 CMakeFiles/EmbarcaTech_A6U4.dir/C_/Users/silas/.pico-sdk/sdk/2.1.0/lib/tinyusb/src/portable/raspberrypi/rp2040/dcd_rp2040.c.obj
                0x10005e3c                dcd_edpt_clear_stall
 .text.rp2040_usb_init
                0x10005e6c       0x40 CMakeFiles/EmbarcaTech_A6U4.dir/C_/Users/silas/.pico-sdk/sdk/2.1.0/lib/tinyusb/src/portable/raspberrypi/rp2040/rp2040_usb.c.obj
                0x10005e6c                rp2040_usb_init
 .text.hw_endpoint_xfer_start
                0x10005eac       0x40 CMakeFiles/EmbarcaTech_A6U4.dir/C_/Users/silas/.pico-sdk/sdk/2.1.0/lib/tinyusb/src/portable/raspberrypi/rp2040/rp2040_usb.c.obj
                0x10005eac                hw_endpoint_xfer_start
 .text.tud_event_hook_cb
                0x10005eec        0x4 CMakeFiles/EmbarcaTech_A6U4.dir/C_/Users/silas/.pico-sdk/sdk/2.1.0/lib/tinyusb/src/device/usbd.c.obj
                0x10005eec                tud_event_hook_cb
 .text.tud_sof_cb
                0x10005ef0        0x4 CMakeFiles/EmbarcaTech_A6U4.dir/C_/Users/silas/.pico-sdk/sdk/2.1.0/lib/tinyusb/src/device/usbd.c.obj
                0x10005ef0                tud_sof_cb
 .text.tud_descriptor_device_qualifier_cb
                0x10005ef4        0x4 CMakeFiles/EmbarcaTech_A6U4.dir/C_/Users/silas/.pico-sdk/sdk/2.1.0/lib/tinyusb/src/device/usbd.c.obj
                0x10005ef4                tud_descriptor_device_qualifier_cb
 .text.tud_descriptor_other_speed_configuration_cb
                0x10005ef8        0x4 CMakeFiles/EmbarcaTech_A6U4.dir/C_/Users/silas/.pico-sdk/sdk/2.1.0/lib/tinyusb/src/device/usbd.c.obj
                0x10005ef8                tud_descriptor_other_speed_configuration_cb
 .text.tud_mount_cb
                0x10005efc        0x4 CMakeFiles/EmbarcaTech_A6U4.dir/C_/Users/silas/.pico-sdk/sdk/2.1.0/lib/tinyusb/src/device/usbd.c.obj
                0x10005efc                tud_mount_cb
 .text.tud_umount_cb
                0x10005f00        0x4 CMakeFiles/EmbarcaTech_A6U4.dir/C_/Users/silas/.pico-sdk/sdk/2.1.0/lib/tinyusb/src/device/usbd.c.obj
                0x10005f00                tud_umount_cb
 .text.tud_suspend_cb
                0x10005f04        0x4 CMakeFiles/EmbarcaTech_A6U4.dir/C_/Users/silas/.pico-sdk/sdk/2.1.0/lib/tinyusb/src/device/usbd.c.obj
                0x10005f04                tud_suspend_cb
 .text.tud_resume_cb
                0x10005f08        0x4 CMakeFiles/EmbarcaTech_A6U4.dir/C_/Users/silas/.pico-sdk/sdk/2.1.0/lib/tinyusb/src/device/usbd.c.obj
                0x10005f08                tud_resume_cb
 .text.tud_mounted
                0x10005f0c       0x10 CMakeFiles/EmbarcaTech_A6U4.dir/C_/Users/silas/.pico-sdk/sdk/2.1.0/lib/tinyusb/src/device/usbd.c.obj
                0x10005f0c                tud_mounted
 .text.tud_suspended
                0x10005f1c       0x10 CMakeFiles/EmbarcaTech_A6U4.dir/C_/Users/silas/.pico-sdk/sdk/2.1.0/lib/tinyusb/src/device/usbd.c.obj
                0x10005f1c                tud_suspended
 .text.tud_init
                0x10005f2c       0xe4 CMakeFiles/EmbarcaTech_A6U4.dir/C_/Users/silas/.pico-sdk/sdk/2.1.0/lib/tinyusb/src/device/usbd.c.obj
                0x10005f2c                tud_init
 .text.tud_task_ext
                0x10006010      0x800 CMakeFiles/EmbarcaTech_A6U4.dir/C_/Users/silas/.pico-sdk/sdk/2.1.0/lib/tinyusb/src/device/usbd.c.obj
                0x10006010                tud_task_ext
 .text.usbd_open_edpt_pair
                0x10006810       0x9c CMakeFiles/EmbarcaTech_A6U4.dir/C_/Users/silas/.pico-sdk/sdk/2.1.0/lib/tinyusb/src/device/usbd.c.obj
                0x10006810                usbd_open_edpt_pair
 .text.usbd_edpt_open
                0x100068ac       0x34 CMakeFiles/EmbarcaTech_A6U4.dir/C_/Users/silas/.pico-sdk/sdk/2.1.0/lib/tinyusb/src/device/usbd.c.obj
                0x100068ac                usbd_edpt_open
 .text.usbd_edpt_claim
                0x100068e0       0x28 CMakeFiles/EmbarcaTech_A6U4.dir/C_/Users/silas/.pico-sdk/sdk/2.1.0/lib/tinyusb/src/device/usbd.c.obj
                0x100068e0                usbd_edpt_claim
 .text.usbd_edpt_release
                0x10006908       0x28 CMakeFiles/EmbarcaTech_A6U4.dir/C_/Users/silas/.pico-sdk/sdk/2.1.0/lib/tinyusb/src/device/usbd.c.obj
                0x10006908                usbd_edpt_release
 .text.usbd_edpt_xfer
                0x10006930       0x4c CMakeFiles/EmbarcaTech_A6U4.dir/C_/Users/silas/.pico-sdk/sdk/2.1.0/lib/tinyusb/src/device/usbd.c.obj
                0x10006930                usbd_edpt_xfer
 .text.tud_control_status
                0x1000697c       0x2c CMakeFiles/EmbarcaTech_A6U4.dir/C_/Users/silas/.pico-sdk/sdk/2.1.0/lib/tinyusb/src/device/usbd_control.c.obj
                0x1000697c                tud_control_status
 .text.tud_control_xfer
                0x100069a8       0xac CMakeFiles/EmbarcaTech_A6U4.dir/C_/Users/silas/.pico-sdk/sdk/2.1.0/lib/tinyusb/src/device/usbd_control.c.obj
                0x100069a8                tud_control_xfer
 .text.usbd_control_reset
                0x10006a54       0x14 CMakeFiles/EmbarcaTech_A6U4.dir/C_/Users/silas/.pico-sdk/sdk/2.1.0/lib/tinyusb/src/device/usbd_control.c.obj
                0x10006a54                usbd_control_reset
 .text.usbd_control_set_complete_callback
                0x10006a68        0xc CMakeFiles/EmbarcaTech_A6U4.dir/C_/Users/silas/.pico-sdk/sdk/2.1.0/lib/tinyusb/src/device/usbd_control.c.obj
                0x10006a68                usbd_control_set_complete_callback
 .text.usbd_control_set_request
                0x10006a74       0x1c CMakeFiles/EmbarcaTech_A6U4.dir/C_/Users/silas/.pico-sdk/sdk/2.1.0/lib/tinyusb/src/device/usbd_control.c.obj
                0x10006a74                usbd_control_set_request
 .text.usbd_control_xfer_cb
                0x10006a90       0xec CMakeFiles/EmbarcaTech_A6U4.dir/C_/Users/silas/.pico-sdk/sdk/2.1.0/lib/tinyusb/src/device/usbd_control.c.obj
                0x10006a90                usbd_control_xfer_cb
 .text._prep_out_transaction.isra.0
                0x10006b7c       0x5c CMakeFiles/EmbarcaTech_A6U4.dir/C_/Users/silas/.pico-sdk/sdk/2.1.0/lib/tinyusb/src/class/cdc/cdc_device.c.obj
 .text.tud_cdc_n_connected
                0x10006bd8       0x30 CMakeFiles/EmbarcaTech_A6U4.dir/C_/Users/silas/.pico-sdk/sdk/2.1.0/lib/tinyusb/src/class/cdc/cdc_device.c.obj
                0x10006bd8                tud_cdc_n_connected
 .text.tud_cdc_n_available
                0x10006c08       0x18 CMakeFiles/EmbarcaTech_A6U4.dir/C_/Users/silas/.pico-sdk/sdk/2.1.0/lib/tinyusb/src/class/cdc/cdc_device.c.obj
                0x10006c08                tud_cdc_n_available
 .text.tud_cdc_n_read
                0x10006c20       0x98 CMakeFiles/EmbarcaTech_A6U4.dir/C_/Users/silas/.pico-sdk/sdk/2.1.0/lib/tinyusb/src/class/cdc/cdc_device.c.obj
                0x10006c20                tud_cdc_n_read
 .text.tud_cdc_n_write_flush
                0x10006cb8       0x78 CMakeFiles/EmbarcaTech_A6U4.dir/C_/Users/silas/.pico-sdk/sdk/2.1.0/lib/tinyusb/src/class/cdc/cdc_device.c.obj
                0x10006cb8                tud_cdc_n_write_flush
 .text.tud_cdc_n_write
                0x10006d30       0x40 CMakeFiles/EmbarcaTech_A6U4.dir/C_/Users/silas/.pico-sdk/sdk/2.1.0/lib/tinyusb/src/class/cdc/cdc_device.c.obj
                0x10006d30                tud_cdc_n_write
 .text.tud_cdc_n_write_available
                0x10006d70       0x18 CMakeFiles/EmbarcaTech_A6U4.dir/C_/Users/silas/.pico-sdk/sdk/2.1.0/lib/tinyusb/src/class/cdc/cdc_device.c.obj
                0x10006d70                tud_cdc_n_write_available
 .text.cdcd_init
                0x10006d88       0x7c CMakeFiles/EmbarcaTech_A6U4.dir/C_/Users/silas/.pico-sdk/sdk/2.1.0/lib/tinyusb/src/class/cdc/cdc_device.c.obj
                0x10006d88                cdcd_init
 .text.cdcd_deinit
                0x10006e04       0x34 CMakeFiles/EmbarcaTech_A6U4.dir/C_/Users/silas/.pico-sdk/sdk/2.1.0/lib/tinyusb/src/class/cdc/cdc_device.c.obj
                0x10006e04                cdcd_deinit
 .text.cdcd_reset
                0x10006e38       0x4c CMakeFiles/EmbarcaTech_A6U4.dir/C_/Users/silas/.pico-sdk/sdk/2.1.0/lib/tinyusb/src/class/cdc/cdc_device.c.obj
                0x10006e38                cdcd_reset
 .text.cdcd_open
                0x10006e84       0xb0 CMakeFiles/EmbarcaTech_A6U4.dir/C_/Users/silas/.pico-sdk/sdk/2.1.0/lib/tinyusb/src/class/cdc/cdc_device.c.obj
                0x10006e84                cdcd_open
 .text.cdcd_control_xfer_cb
                0x10006f34       0xe4 CMakeFiles/EmbarcaTech_A6U4.dir/C_/Users/silas/.pico-sdk/sdk/2.1.0/lib/tinyusb/src/class/cdc/cdc_device.c.obj
                0x10006f34                cdcd_control_xfer_cb
 .text.cdcd_xfer_cb
                0x10007018      0x100 CMakeFiles/EmbarcaTech_A6U4.dir/C_/Users/silas/.pico-sdk/sdk/2.1.0/lib/tinyusb/src/class/cdc/cdc_device.c.obj
                0x10007018                cdcd_xfer_cb
 .text.vendord_init
                0x10007118       0x5c CMakeFiles/EmbarcaTech_A6U4.dir/C_/Users/silas/.pico-sdk/sdk/2.1.0/lib/tinyusb/src/class/vendor/vendor_device.c.obj
                0x10007118                vendord_init
 .text.vendord_deinit
                0x10007174       0x1c CMakeFiles/EmbarcaTech_A6U4.dir/C_/Users/silas/.pico-sdk/sdk/2.1.0/lib/tinyusb/src/class/vendor/vendor_device.c.obj
                0x10007174                vendord_deinit
 .text.vendord_reset
                0x10007190       0x20 CMakeFiles/EmbarcaTech_A6U4.dir/C_/Users/silas/.pico-sdk/sdk/2.1.0/lib/tinyusb/src/class/vendor/vendor_device.c.obj
                0x10007190                vendord_reset
 .text.vendord_open
                0x100071b0      0x138 CMakeFiles/EmbarcaTech_A6U4.dir/C_/Users/silas/.pico-sdk/sdk/2.1.0/lib/tinyusb/src/class/vendor/vendor_device.c.obj
                0x100071b0                vendord_open
 .text.vendord_xfer_cb
                0x100072e8       0x9c CMakeFiles/EmbarcaTech_A6U4.dir/C_/Users/silas/.pico-sdk/sdk/2.1.0/lib/tinyusb/src/class/vendor/vendor_device.c.obj
                0x100072e8                vendord_xfer_cb
 .text.tusb_init
                0x10007384        0xc CMakeFiles/EmbarcaTech_A6U4.dir/C_/Users/silas/.pico-sdk/sdk/2.1.0/lib/tinyusb/src/tusb.c.obj
                0x10007384                tusb_init
 .text.tu_edpt_claim
                0x10007390       0x50 CMakeFiles/EmbarcaTech_A6U4.dir/C_/Users/silas/.pico-sdk/sdk/2.1.0/lib/tinyusb/src/tusb.c.obj
                0x10007390                tu_edpt_claim
 .text.tu_edpt_release
                0x100073e0       0x38 CMakeFiles/EmbarcaTech_A6U4.dir/C_/Users/silas/.pico-sdk/sdk/2.1.0/lib/tinyusb/src/tusb.c.obj
                0x100073e0                tu_edpt_release
 .text.tu_edpt_validate
                0x10007418       0x7c CMakeFiles/EmbarcaTech_A6U4.dir/C_/Users/silas/.pico-sdk/sdk/2.1.0/lib/tinyusb/src/tusb.c.obj
                0x10007418                tu_edpt_validate
 .text.tu_edpt_bind_driver
                0x10007494       0x34 CMakeFiles/EmbarcaTech_A6U4.dir/C_/Users/silas/.pico-sdk/sdk/2.1.0/lib/tinyusb/src/tusb.c.obj
                0x10007494                tu_edpt_bind_driver
 .text.tu_edpt_stream_init
                0x100074c8       0x6c CMakeFiles/EmbarcaTech_A6U4.dir/C_/Users/silas/.pico-sdk/sdk/2.1.0/lib/tinyusb/src/tusb.c.obj
                0x100074c8                tu_edpt_stream_init
 .text.tu_edpt_stream_deinit
                0x10007534        0x4 CMakeFiles/EmbarcaTech_A6U4.dir/C_/Users/silas/.pico-sdk/sdk/2.1.0/lib/tinyusb/src/tusb.c.obj
                0x10007534                tu_edpt_stream_deinit
 .text.tu_edpt_stream_write_zlp_if_needed
                0x10007538       0x68 CMakeFiles/EmbarcaTech_A6U4.dir/C_/Users/silas/.pico-sdk/sdk/2.1.0/lib/tinyusb/src/tusb.c.obj
                0x10007538                tu_edpt_stream_write_zlp_if_needed
 .text.tu_edpt_stream_write_xfer
                0x100075a0       0x64 CMakeFiles/EmbarcaTech_A6U4.dir/C_/Users/silas/.pico-sdk/sdk/2.1.0/lib/tinyusb/src/tusb.c.obj
                0x100075a0                tu_edpt_stream_write_xfer
 .text.tu_edpt_stream_read_xfer
                0x10007604       0xdc CMakeFiles/EmbarcaTech_A6U4.dir/C_/Users/silas/.pico-sdk/sdk/2.1.0/lib/tinyusb/src/tusb.c.obj
                0x10007604                tu_edpt_stream_read_xfer
 .text.tu_fifo_config
                0x100076e0       0x6c CMakeFiles/EmbarcaTech_A6U4.dir/C_/Users/silas/.pico-sdk/sdk/2.1.0/lib/tinyusb/src/common/tusb_fifo.c.obj
                0x100076e0                tu_fifo_config
 .text.tu_fifo_count
                0x1000774c       0x2c CMakeFiles/EmbarcaTech_A6U4.dir/C_/Users/silas/.pico-sdk/sdk/2.1.0/lib/tinyusb/src/common/tusb_fifo.c.obj
                0x1000774c                tu_fifo_count
 .text.tu_fifo_empty
                0x10007778       0x10 CMakeFiles/EmbarcaTech_A6U4.dir/C_/Users/silas/.pico-sdk/sdk/2.1.0/lib/tinyusb/src/common/tusb_fifo.c.obj
                0x10007778                tu_fifo_empty
 .text.tu_fifo_remaining
                0x10007788       0x2c CMakeFiles/EmbarcaTech_A6U4.dir/C_/Users/silas/.pico-sdk/sdk/2.1.0/lib/tinyusb/src/common/tusb_fifo.c.obj
                0x10007788                tu_fifo_remaining
 .text.tu_fifo_read
                0x100077b4       0x9c CMakeFiles/EmbarcaTech_A6U4.dir/C_/Users/silas/.pico-sdk/sdk/2.1.0/lib/tinyusb/src/common/tusb_fifo.c.obj
                0x100077b4                tu_fifo_read
 .text.tu_fifo_read_n
                0x10007850       0xe8 CMakeFiles/EmbarcaTech_A6U4.dir/C_/Users/silas/.pico-sdk/sdk/2.1.0/lib/tinyusb/src/common/tusb_fifo.c.obj
                0x10007850                tu_fifo_read_n
 .text.tu_fifo_write
                0x10007938       0xa8 CMakeFiles/EmbarcaTech_A6U4.dir/C_/Users/silas/.pico-sdk/sdk/2.1.0/lib/tinyusb/src/common/tusb_fifo.c.obj
                0x10007938                tu_fifo_write
 .text.tu_fifo_write_n
                0x100079e0      0x178 CMakeFiles/EmbarcaTech_A6U4.dir/C_/Users/silas/.pico-sdk/sdk/2.1.0/lib/tinyusb/src/common/tusb_fifo.c.obj
                0x100079e0                tu_fifo_write_n
 .text.tu_fifo_clear
                0x10007b58       0x40 CMakeFiles/EmbarcaTech_A6U4.dir/C_/Users/silas/.pico-sdk/sdk/2.1.0/lib/tinyusb/src/common/tusb_fifo.c.obj
                0x10007b58                tu_fifo_clear
 .text.tu_fifo_set_overwritable
                0x10007b98       0x48 CMakeFiles/EmbarcaTech_A6U4.dir/C_/Users/silas/.pico-sdk/sdk/2.1.0/lib/tinyusb/src/common/tusb_fifo.c.obj
                0x10007b98                tu_fifo_set_overwritable
 .text.pio_claim_unused_sm
                0x10007be0       0x38 CMakeFiles/EmbarcaTech_A6U4.dir/C_/Users/silas/.pico-sdk/sdk/2.1.0/src/rp2_common/hardware_pio/pio.c.obj
                0x10007be0                pio_claim_unused_sm
 .text.pio_add_program
                0x10007c18      0x104 CMakeFiles/EmbarcaTech_A6U4.dir/C_/Users/silas/.pico-sdk/sdk/2.1.0/src/rp2_common/hardware_pio/pio.c.obj
                0x10007c18                pio_add_program
 .text.pio_sm_set_consecutive_pindirs
                0x10007d1c       0xb4 CMakeFiles/EmbarcaTech_A6U4.dir/C_/Users/silas/.pico-sdk/sdk/2.1.0/src/rp2_common/hardware_pio/pio.c.obj
                0x10007d1c                pio_sm_set_consecutive_pindirs
 .text.pio_sm_init
                0x10007dd0       0x9c CMakeFiles/EmbarcaTech_A6U4.dir/C_/Users/silas/.pico-sdk/sdk/2.1.0/src/rp2_common/hardware_pio/pio.c.obj
                0x10007dd0                pio_sm_init
 .text.i2c_write_blocking_internal.constprop.0
                0x10007e6c       0xd0 CMakeFiles/EmbarcaTech_A6U4.dir/C_/Users/silas/.pico-sdk/sdk/2.1.0/src/rp2_common/hardware_i2c/i2c.c.obj
 .text.i2c_set_baudrate
                0x10007f3c       0xc0 CMakeFiles/EmbarcaTech_A6U4.dir/C_/Users/silas/.pico-sdk/sdk/2.1.0/src/rp2_common/hardware_i2c/i2c.c.obj
                0x10007f3c                i2c_set_baudrate
 .text.i2c_init
                0x10007ffc       0x50 CMakeFiles/EmbarcaTech_A6U4.dir/C_/Users/silas/.pico-sdk/sdk/2.1.0/src/rp2_common/hardware_i2c/i2c.c.obj
                0x10007ffc                i2c_init
 .text.i2c_write_blocking
                0x1000804c       0x14 CMakeFiles/EmbarcaTech_A6U4.dir/C_/Users/silas/.pico-sdk/sdk/2.1.0/src/rp2_common/hardware_i2c/i2c.c.obj
                0x1000804c                i2c_write_blocking
 .text.calloc   0x10008060       0x18 C:/Users/silas/.pico-sdk/toolchain/13_3_Rel1/bin/../lib/gcc/arm-none-eabi/13.3.1/thumb/v6-m/nofp\libg.a(libc_a-calloc.o)
                0x10008060                calloc
 .text._calloc_r
                0x10008078       0xa8 C:/Users/silas/.pico-sdk/toolchain/13_3_Rel1/bin/../lib/gcc/arm-none-eabi/13.3.1/thumb/v6-m/nofp\libg.a(libc_a-callocr.o)
                0x10008078                _calloc_r
 .text._malloc_r
                0x10008120      0x5c4 C:/Users/silas/.pico-sdk/toolchain/13_3_Rel1/bin/../lib/gcc/arm-none-eabi/13.3.1/thumb/v6-m/nofp\libg.a(libc_a-mallocr.o)
                0x10008120                _malloc_r
 .text.__malloc_lock
                0x100086e4       0x10 C:/Users/silas/.pico-sdk/toolchain/13_3_Rel1/bin/../lib/gcc/arm-none-eabi/13.3.1/thumb/v6-m/nofp\libg.a(libc_a-mlock.o)
                0x100086e4                __malloc_lock
 .text.__malloc_unlock
                0x100086f4       0x10 C:/Users/silas/.pico-sdk/toolchain/13_3_Rel1/bin/../lib/gcc/arm-none-eabi/13.3.1/thumb/v6-m/nofp\libg.a(libc_a-mlock.o)
                0x100086f4                __malloc_unlock
 .text._sbrk_r  0x10008704       0x24 C:/Users/silas/.pico-sdk/toolchain/13_3_Rel1/bin/../lib/gcc/arm-none-eabi/13.3.1/thumb/v6-m/nofp\libg.a(libc_a-sbrkr.o)
                0x10008704                _sbrk_r
 .text.__errno  0x10008728        0xc C:/Users/silas/.pico-sdk/toolchain/13_3_Rel1/bin/../lib/gcc/arm-none-eabi/13.3.1/thumb/v6-m/nofp\libg.a(libc_a-errno.o)
                0x10008728                __errno
 .text.__retarget_lock_acquire_recursive
                0x10008734        0x4 C:/Users/silas/.pico-sdk/toolchain/13_3_Rel1/bin/../lib/gcc/arm-none-eabi/13.3.1/thumb/v6-m/nofp\libg.a(libc_a-lock.o)
                0x10008734                __retarget_lock_acquire_recursive
 .text.__retarget_lock_release_recursive
                0x10008738        0x4 C:/Users/silas/.pico-sdk/toolchain/13_3_Rel1/bin/../lib/gcc/arm-none-eabi/13.3.1/thumb/v6-m/nofp\libg.a(libc_a-lock.o)
                0x10008738                __retarget_lock_release_recursive
 .text.sysconf  0x1000873c       0x1c C:/Users/silas/.pico-sdk/toolchain/13_3_Rel1/bin/../lib/gcc/arm-none-eabi/13.3.1/thumb/v6-m/nofp\libg.a(libc_a-sysconf.o)
                0x1000873c                sysconf
 .text.strlen   0x10008758       0x5c C:/Users/silas/.pico-sdk/toolchain/13_3_Rel1/bin/../lib/gcc/arm-none-eabi/13.3.1/thumb/v6-m/nofp\libg.a(libc_a-strlen-stub.o)
                0x10008758                strlen
 .text._malloc_trim_r
                0x100087b4       0xb4 C:/Users/silas/.pico-sdk/toolchain/13_3_Rel1/bin/../lib/gcc/arm-none-eabi/13.3.1/thumb/v6-m/nofp\libg.a(libc_a-freer.o)
                0x100087b4                _malloc_trim_r
 .text._free_r  0x10008868      0x1d4 C:/Users/silas/.pico-sdk/toolchain/13_3_Rel1/bin/../lib/gcc/arm-none-eabi/13.3.1/thumb/v6-m/nofp\libg.a(libc_a-freer.o)
                0x10008868                _free_r
 *(.fini)
 .fini          0x10008a3c        0x4 C:/Users/silas/.pico-sdk/toolchain/13_3_Rel1/bin/../lib/gcc/arm-none-eabi/13.3.1/thumb/v6-m/nofp/crti.o
                0x10008a3c                _fini
 .fini.__stub   0x10008a40       0xc0 linker stubs
 *crtbegin.o(.ctors)
 *crtbegin?.o(.ctors)
 *(EXCLUDE_FILE(*crtend.o *crtend?.o) .ctors)
 *(SORT_BY_NAME(.ctors.*))
 *(.ctors)
 *crtbegin.o(.dtors)
 *crtbegin?.o(.dtors)
 *(EXCLUDE_FILE(*crtend.o *crtend?.o) .dtors)
 *(SORT_BY_NAME(.dtors.*))
 *(.dtors)
                0x10008b00                        . = ALIGN (0x4)
                0x10008b00                        PROVIDE (__preinit_array_start = .)
 *(SORT_BY_NAME(.preinit_array.*))
 .preinit_array.00100
                0x10008b00        0x4 CMakeFiles/EmbarcaTech_A6U4.dir/C_/Users/silas/.pico-sdk/sdk/2.1.0/src/rp2_common/pico_runtime_init/runtime_init.c.obj
                0x10008b00                __pre_init_runtime_init_early_resets
 .preinit_array.00101
                0x10008b04        0x4 CMakeFiles/EmbarcaTech_A6U4.dir/C_/Users/silas/.pico-sdk/sdk/2.1.0/src/rp2_common/pico_runtime_init/runtime_init.c.obj
                0x10008b04                __pre_init_runtime_init_usb_power_down
 .preinit_array.00275
                0x10008b08        0x4 CMakeFiles/EmbarcaTech_A6U4.dir/C_/Users/silas/.pico-sdk/sdk/2.1.0/src/rp2_common/pico_bit_ops/bit_ops_aeabi.S.obj
 .preinit_array.00300
                0x10008b0c        0x4 CMakeFiles/EmbarcaTech_A6U4.dir/C_/Users/silas/.pico-sdk/sdk/2.1.0/src/rp2_common/pico_mem_ops/mem_ops_aeabi.S.obj
 .preinit_array.00350
                0x10008b10        0x4 CMakeFiles/EmbarcaTech_A6U4.dir/C_/Users/silas/.pico-sdk/sdk/2.1.0/src/rp2_common/pico_double/double_aeabi_rp2040.S.obj
 .preinit_array.00350
                0x10008b14        0x4 CMakeFiles/EmbarcaTech_A6U4.dir/C_/Users/silas/.pico-sdk/sdk/2.1.0/src/rp2_common/pico_float/float_aeabi_rp2040.S.obj
 .preinit_array.00500
                0x10008b18        0x4 CMakeFiles/EmbarcaTech_A6U4.dir/C_/Users/silas/.pico-sdk/sdk/2.1.0/src/rp2_common/pico_runtime_init/runtime_init.c.obj
                0x10008b18                __pre_init_runtime_init_clocks
 .preinit_array.00600
                0x10008b1c        0x4 CMakeFiles/EmbarcaTech_A6U4.dir/C_/Users/silas/.pico-sdk/sdk/2.1.0/src/rp2_common/pico_runtime_init/runtime_init.c.obj
                0x10008b1c                __pre_init_runtime_init_post_clock_resets
 .preinit_array.00700
                0x10008b20        0x4 CMakeFiles/EmbarcaTech_A6U4.dir/C_/Users/silas/.pico-sdk/sdk/2.1.0/src/rp2_common/pico_runtime_init/runtime_init.c.obj
                0x10008b20                __pre_init_runtime_init_rp2040_gpio_ie_disable
 .preinit_array.01000
                0x10008b24        0x4 CMakeFiles/EmbarcaTech_A6U4.dir/C_/Users/silas/.pico-sdk/sdk/2.1.0/src/rp2_common/pico_runtime_init/runtime_init.c.obj
                0x10008b24                __pre_init_runtime_init_spin_locks_reset
 .preinit_array.01100
                0x10008b28        0x4 CMakeFiles/EmbarcaTech_A6U4.dir/C_/Users/silas/.pico-sdk/sdk/2.1.0/src/common/pico_sync/mutex.c.obj
                0x10008b28                __pre_init_runtime_init_mutex
 .preinit_array.10080
                0x10008b2c        0x4 CMakeFiles/EmbarcaTech_A6U4.dir/C_/Users/silas/.pico-sdk/sdk/2.1.0/src/rp2_common/pico_runtime_init/runtime_init.c.obj
                0x10008b2c                __pre_init_runtime_init_install_ram_vector_table
 .preinit_array.11000
                0x10008b30        0x4 CMakeFiles/EmbarcaTech_A6U4.dir/C_/Users/silas/.pico-sdk/sdk/2.1.0/src/common/pico_time/time.c.obj
                0x10008b30                __pre_init_runtime_init_default_alarm_pool
 .preinit_array.YYYYY
                0x10008b34        0x4 CMakeFiles/EmbarcaTech_A6U4.dir/C_/Users/silas/.pico-sdk/sdk/2.1.0/src/rp2_common/pico_runtime/runtime.c.obj
                0x10008b34                __pre_init_first_per_core_initializer
 .preinit_array.ZZZZZ.01200
                0x10008b38        0x4 CMakeFiles/EmbarcaTech_A6U4.dir/C_/Users/silas/.pico-sdk/sdk/2.1.0/src/rp2_common/hardware_irq/irq.c.obj
                0x10008b38                __pre_init_runtime_init_per_core_irq_priorities
 *(.preinit_array)
                0x10008b3c                        PROVIDE (__preinit_array_end = .)
                0x10008b3c                        . = ALIGN (0x4)
                0x10008b3c                        PROVIDE (__init_array_start = .)
 *(SORT_BY_NAME(.init_array.*))
 *(.init_array)
 .init_array    0x10008b3c        0x4 C:/Users/silas/.pico-sdk/toolchain/13_3_Rel1/bin/../lib/gcc/arm-none-eabi/13.3.1/thumb/v6-m/nofp/crtbegin.o
 .init_array    0x10008b40        0x4 CMakeFiles/EmbarcaTech_A6U4.dir/C_/Users/silas/.pico-sdk/sdk/2.1.0/src/rp2_common/pico_unique_id/unique_id.c.obj
                0x10008b44                        PROVIDE (__init_array_end = .)
                0x10008b44                        . = ALIGN (0x4)
                [!provide]                        PROVIDE (__fini_array_start = .)
 *(SORT_BY_NAME(.fini_array.*))
 *(.fini_array)
                [!provide]                        PROVIDE (__fini_array_end = .)
 *(.eh_frame*)
 .eh_frame      0x10008b44        0x0 C:/Users/silas/.pico-sdk/toolchain/13_3_Rel1/bin/../lib/gcc/arm-none-eabi/13.3.1/thumb/v6-m/nofp/crtbegin.o
                0x10008b44                        . = ALIGN (0x4)

.glue_7         0x10008b44        0x0
 .glue_7        0x10008b44        0x0 linker stubs

.glue_7t        0x10008b44        0x0
 .glue_7t       0x10008b44        0x0 linker stubs

.vfp11_veneer   0x10008b44        0x0
 .vfp11_veneer  0x10008b44        0x0 linker stubs

.v4_bx          0x10008b44        0x0
 .v4_bx         0x10008b44        0x0 linker stubs

.iplt           0x10008b44        0x0
 .iplt          0x10008b44        0x0 C:/Users/silas/.pico-sdk/toolchain/13_3_Rel1/bin/../lib/gcc/arm-none-eabi/13.3.1/thumb/v6-m/nofp/crtbegin.o

.rodata         0x10008b48     0x1100
 *(EXCLUDE_FILE(*libm.a: *libc.a:*lib_a-mem*.o *libgcc.a:) .rodata*)
 .rodata.callback_button.str1.4
                0x10008b48      0x30c CMakeFiles/EmbarcaTech_A6U4.dir/EmbarcaTech_A6U4.c.obj
                                 0x8a (size before relaxing)
 .rodata.main.str1.4
                0x10008e54       0x8d CMakeFiles/EmbarcaTech_A6U4.dir/EmbarcaTech_A6U4.c.obj
 .rodata.pio_matrix_program
                0x10008e54        0x8 CMakeFiles/EmbarcaTech_A6U4.dir/EmbarcaTech_A6U4.c.obj
 .rodata.pio_matrix_program_instructions
                0x10008e5c        0xe CMakeFiles/EmbarcaTech_A6U4.dir/EmbarcaTech_A6U4.c.obj
 *fill*         0x10008e6a        0x2 
 .rodata.font   0x10008e6c      0x910 CMakeFiles/EmbarcaTech_A6U4.dir/inc/ssd1306.c.obj
 .rodata.panic.str1.4
                0x1000977c       0x12 CMakeFiles/EmbarcaTech_A6U4.dir/C_/Users/silas/.pico-sdk/sdk/2.1.0/src/rp2_common/pico_platform_panic/panic.c.obj
 .rodata.spin_lock_claim_unused.str1.4
                0x1000977c       0x1b CMakeFiles/EmbarcaTech_A6U4.dir/C_/Users/silas/.pico-sdk/sdk/2.1.0/src/rp2_common/hardware_sync/sync.c.obj
 .rodata.user_irq_claim_unused.str1.4
                0x1000977c       0x1b CMakeFiles/EmbarcaTech_A6U4.dir/C_/Users/silas/.pico-sdk/sdk/2.1.0/src/rp2_common/hardware_irq/irq.c.obj
 .rodata.timer_hardware_alarm_claim.str1.4
                0x1000977c       0x22 CMakeFiles/EmbarcaTech_A6U4.dir/C_/Users/silas/.pico-sdk/sdk/2.1.0/src/rp2_common/hardware_timer/timer.c.obj
 .rodata.hard_assertion_failure.str1.4
                0x1000977c        0xc CMakeFiles/EmbarcaTech_A6U4.dir/C_/Users/silas/.pico-sdk/sdk/2.1.0/src/rp2_common/pico_runtime/runtime.c.obj
 .rodata.missing_double_func_shim.str1.4
                0x1000977c       0x18 CMakeFiles/EmbarcaTech_A6U4.dir/C_/Users/silas/.pico-sdk/sdk/2.1.0/src/rp2_common/pico_double/double_init_rom_rp2040.c.obj
 .rodata.missing_float_func_shim.str1.4
                0x1000977c        0x1 CMakeFiles/EmbarcaTech_A6U4.dir/C_/Users/silas/.pico-sdk/sdk/2.1.0/src/rp2_common/pico_float/float_init_rom_rp2040.c.obj
 .rodata.__wrap_malloc.str1.4
                0x1000977c        0xe CMakeFiles/EmbarcaTech_A6U4.dir/C_/Users/silas/.pico-sdk/sdk/2.1.0/src/rp2_common/pico_malloc/malloc.c.obj
 .rodata.str1.4
                0x1000977c       0x4c CMakeFiles/EmbarcaTech_A6U4.dir/C_/Users/silas/.pico-sdk/sdk/2.1.0/src/rp2_common/pico_standard_binary_info/standard_binary_info.c.obj
 .rodata.__bi_84
                0x1000977c        0xc CMakeFiles/EmbarcaTech_A6U4.dir/C_/Users/silas/.pico-sdk/sdk/2.1.0/src/rp2_common/pico_standard_binary_info/standard_binary_info.c.obj
 .rodata.__bi_78
                0x10009788        0xc CMakeFiles/EmbarcaTech_A6U4.dir/C_/Users/silas/.pico-sdk/sdk/2.1.0/src/rp2_common/pico_standard_binary_info/standard_binary_info.c.obj
 .rodata.__bi_60
                0x10009794        0xc CMakeFiles/EmbarcaTech_A6U4.dir/C_/Users/silas/.pico-sdk/sdk/2.1.0/src/rp2_common/pico_standard_binary_info/standard_binary_info.c.obj
 .rodata.__bi_54
                0x100097a0        0xc CMakeFiles/EmbarcaTech_A6U4.dir/C_/Users/silas/.pico-sdk/sdk/2.1.0/src/rp2_common/pico_standard_binary_info/standard_binary_info.c.obj
 .rodata.__bi_48
                0x100097ac        0xc CMakeFiles/EmbarcaTech_A6U4.dir/C_/Users/silas/.pico-sdk/sdk/2.1.0/src/rp2_common/pico_standard_binary_info/standard_binary_info.c.obj
 .rodata.__bi_42
                0x100097b8        0xc CMakeFiles/EmbarcaTech_A6U4.dir/C_/Users/silas/.pico-sdk/sdk/2.1.0/src/rp2_common/pico_standard_binary_info/standard_binary_info.c.obj
 .rodata.__bi_34
                0x100097c4        0xc CMakeFiles/EmbarcaTech_A6U4.dir/C_/Users/silas/.pico-sdk/sdk/2.1.0/src/rp2_common/pico_standard_binary_info/standard_binary_info.c.obj
 .rodata.__bi_26
                0x100097d0        0xc CMakeFiles/EmbarcaTech_A6U4.dir/C_/Users/silas/.pico-sdk/sdk/2.1.0/src/rp2_common/pico_standard_binary_info/standard_binary_info.c.obj
 .rodata._ftoa.str1.4
                0x100097dc       0x15 CMakeFiles/EmbarcaTech_A6U4.dir/C_/Users/silas/.pico-sdk/sdk/2.1.0/src/rp2_common/pico_printf/printf.c.obj
 .rodata._vsnprintf
                0x100097dc      0x19c CMakeFiles/EmbarcaTech_A6U4.dir/C_/Users/silas/.pico-sdk/sdk/2.1.0/src/rp2_common/pico_printf/printf.c.obj
 .rodata.pow10.0
                0x10009978       0x50 CMakeFiles/EmbarcaTech_A6U4.dir/C_/Users/silas/.pico-sdk/sdk/2.1.0/src/rp2_common/pico_printf/printf.c.obj
 .rodata.crlf_str.0
                0x100099c8        0x2 CMakeFiles/EmbarcaTech_A6U4.dir/C_/Users/silas/.pico-sdk/sdk/2.1.0/src/rp2_common/pico_stdio/stdio.c.obj
 .rodata.str1.4
                0x100099ca       0x2c CMakeFiles/EmbarcaTech_A6U4.dir/C_/Users/silas/.pico-sdk/sdk/2.1.0/src/rp2_common/pico_stdio_uart/stdio_uart.c.obj
 *fill*         0x100099ca        0x2 
 .rodata.__bi_45.4
                0x100099cc        0xc CMakeFiles/EmbarcaTech_A6U4.dir/C_/Users/silas/.pico-sdk/sdk/2.1.0/src/rp2_common/pico_stdio_uart/stdio_uart.c.obj
 .rodata.__bi_49.5
                0x100099d8        0x8 CMakeFiles/EmbarcaTech_A6U4.dir/C_/Users/silas/.pico-sdk/sdk/2.1.0/src/rp2_common/pico_stdio_uart/stdio_uart.c.obj
 .rodata.__bi_50.6
                0x100099e0        0x8 CMakeFiles/EmbarcaTech_A6U4.dir/C_/Users/silas/.pico-sdk/sdk/2.1.0/src/rp2_common/pico_stdio_uart/stdio_uart.c.obj
 .rodata._resetd_driver
                0x100099e8       0x20 CMakeFiles/EmbarcaTech_A6U4.dir/C_/Users/silas/.pico-sdk/sdk/2.1.0/src/rp2_common/pico_stdio_usb/reset_interface.c.obj
 .rodata.desc_ms_os_20
                0x10009a08       0xa6 CMakeFiles/EmbarcaTech_A6U4.dir/C_/Users/silas/.pico-sdk/sdk/2.1.0/src/rp2_common/pico_stdio_usb/reset_interface.c.obj
 *fill*         0x10009aae        0x2 
 .rodata.desc_bos
                0x10009ab0       0x21 CMakeFiles/EmbarcaTech_A6U4.dir/C_/Users/silas/.pico-sdk/sdk/2.1.0/src/rp2_common/pico_stdio_usb/reset_interface.c.obj
                0x10009ab0                desc_bos
 .rodata.str1.4
                0x10009ad1       0x13 CMakeFiles/EmbarcaTech_A6U4.dir/C_/Users/silas/.pico-sdk/sdk/2.1.0/src/rp2_common/pico_stdio_usb/stdio_usb.c.obj
 *fill*         0x10009ad1        0x3 
 .rodata.__bi_197.0
                0x10009ad4        0xc CMakeFiles/EmbarcaTech_A6U4.dir/C_/Users/silas/.pico-sdk/sdk/2.1.0/src/rp2_common/pico_stdio_usb/stdio_usb.c.obj
 .rodata.str1.4
                0x10009ae0       0x2a CMakeFiles/EmbarcaTech_A6U4.dir/C_/Users/silas/.pico-sdk/sdk/2.1.0/src/rp2_common/pico_stdio_usb/stdio_usb_descriptors.c.obj
 .rodata.usbd_desc_str
                0x10009ae0       0x18 CMakeFiles/EmbarcaTech_A6U4.dir/C_/Users/silas/.pico-sdk/sdk/2.1.0/src/rp2_common/pico_stdio_usb/stdio_usb_descriptors.c.obj
 .rodata.usbd_desc_cfg
                0x10009af8       0x54 CMakeFiles/EmbarcaTech_A6U4.dir/C_/Users/silas/.pico-sdk/sdk/2.1.0/src/rp2_common/pico_stdio_usb/stdio_usb_descriptors.c.obj
 .rodata.usbd_desc_device
                0x10009b4c       0x12 CMakeFiles/EmbarcaTech_A6U4.dir/C_/Users/silas/.pico-sdk/sdk/2.1.0/src/rp2_common/pico_stdio_usb/stdio_usb_descriptors.c.obj
 .rodata.str1.4
                0x10009b5e       0x14 CMakeFiles/EmbarcaTech_A6U4.dir/C_/Users/silas/.pico-sdk/sdk/2.1.0/lib/tinyusb/src/portable/raspberrypi/rp2040/dcd_rp2040.c.obj
 .rodata.str1.4
                0x10009b5e       0x48 CMakeFiles/EmbarcaTech_A6U4.dir/C_/Users/silas/.pico-sdk/sdk/2.1.0/lib/tinyusb/src/portable/raspberrypi/rp2040/rp2040_usb.c.obj
 *fill*         0x10009b5e        0x2 
 .rodata.tud_task_ext
                0x10009b60       0x8c CMakeFiles/EmbarcaTech_A6U4.dir/C_/Users/silas/.pico-sdk/sdk/2.1.0/lib/tinyusb/src/device/usbd.c.obj
 .rodata        0x10009bec       0x1c CMakeFiles/EmbarcaTech_A6U4.dir/C_/Users/silas/.pico-sdk/sdk/2.1.0/lib/tinyusb/src/device/usbd.c.obj
 .rodata._usbd_driver
                0x10009c08       0x40 CMakeFiles/EmbarcaTech_A6U4.dir/C_/Users/silas/.pico-sdk/sdk/2.1.0/lib/tinyusb/src/device/usbd.c.obj
 .rodata.pio_claim_unused_sm.str1.4
                0x10009c48       0x24 CMakeFiles/EmbarcaTech_A6U4.dir/C_/Users/silas/.pico-sdk/sdk/2.1.0/src/rp2_common/hardware_pio/pio.c.obj
                0x10009c6c                        . = ALIGN (0x4)
 *(SORT_BY_ALIGNMENT(SORT_BY_NAME(.flashdata*)))
                0x10009c6c                        . = ALIGN (0x4)

.ARM.extab
 *(.ARM.extab* .gnu.linkonce.armextab.*)
                0x10009c48                        __exidx_start = .

.ARM.exidx
 *(.ARM.exidx* .gnu.linkonce.armexidx.*)
                0x10009c48                        __exidx_end = .
                0x10009c6c                        . = ALIGN (0x4)
                0x10009c48                        __binary_info_start = .

.binary_info    0x10009c48       0x30
 *(.binary_info.keep.*)
 .binary_info.keep.__bi_ptr84
                0x10009c48        0x4 CMakeFiles/EmbarcaTech_A6U4.dir/C_/Users/silas/.pico-sdk/sdk/2.1.0/src/rp2_common/pico_standard_binary_info/standard_binary_info.c.obj
 .binary_info.keep.__bi_ptr78
                0x10009c4c        0x4 CMakeFiles/EmbarcaTech_A6U4.dir/C_/Users/silas/.pico-sdk/sdk/2.1.0/src/rp2_common/pico_standard_binary_info/standard_binary_info.c.obj
 .binary_info.keep.__bi_ptr60
                0x10009c50        0x4 CMakeFiles/EmbarcaTech_A6U4.dir/C_/Users/silas/.pico-sdk/sdk/2.1.0/src/rp2_common/pico_standard_binary_info/standard_binary_info.c.obj
 .binary_info.keep.__bi_ptr54
                0x10009c54        0x4 CMakeFiles/EmbarcaTech_A6U4.dir/C_/Users/silas/.pico-sdk/sdk/2.1.0/src/rp2_common/pico_standard_binary_info/standard_binary_info.c.obj
 .binary_info.keep.__bi_ptr48
                0x10009c58        0x4 CMakeFiles/EmbarcaTech_A6U4.dir/C_/Users/silas/.pico-sdk/sdk/2.1.0/src/rp2_common/pico_standard_binary_info/standard_binary_info.c.obj
 .binary_info.keep.__bi_ptr42
                0x10009c5c        0x4 CMakeFiles/EmbarcaTech_A6U4.dir/C_/Users/silas/.pico-sdk/sdk/2.1.0/src/rp2_common/pico_standard_binary_info/standard_binary_info.c.obj
 .binary_info.keep.__bi_ptr34
                0x10009c60        0x4 CMakeFiles/EmbarcaTech_A6U4.dir/C_/Users/silas/.pico-sdk/sdk/2.1.0/src/rp2_common/pico_standard_binary_info/standard_binary_info.c.obj
 .binary_info.keep.__bi_ptr26
                0x10009c64        0x4 CMakeFiles/EmbarcaTech_A6U4.dir/C_/Users/silas/.pico-sdk/sdk/2.1.0/src/rp2_common/pico_standard_binary_info/standard_binary_info.c.obj
 *(.binary_info.*)
 .binary_info.__bi_ptr50
                0x10009c68        0x4 CMakeFiles/EmbarcaTech_A6U4.dir/C_/Users/silas/.pico-sdk/sdk/2.1.0/src/rp2_common/pico_stdio_uart/stdio_uart.c.obj
 .binary_info.__bi_ptr49
                0x10009c6c        0x4 CMakeFiles/EmbarcaTech_A6U4.dir/C_/Users/silas/.pico-sdk/sdk/2.1.0/src/rp2_common/pico_stdio_uart/stdio_uart.c.obj
 .binary_info.__bi_ptr45
                0x10009c70        0x4 CMakeFiles/EmbarcaTech_A6U4.dir/C_/Users/silas/.pico-sdk/sdk/2.1.0/src/rp2_common/pico_stdio_uart/stdio_uart.c.obj
 .binary_info.__bi_ptr197
                0x10009c74        0x4 CMakeFiles/EmbarcaTech_A6U4.dir/C_/Users/silas/.pico-sdk/sdk/2.1.0/src/rp2_common/pico_stdio_usb/stdio_usb.c.obj
                0x10009c78                        __binary_info_end = .

.rel.dyn        0x10009c78        0x0
 .rel.iplt      0x10009c78        0x0 C:/Users/silas/.pico-sdk/toolchain/13_3_Rel1/bin/../lib/gcc/arm-none-eabi/13.3.1/thumb/v6-m/nofp/crtbegin.o
                0x10009c78                        . = ALIGN (0x4)

.ram_vector_table
                0x20000000       0xc0
 *(.ram_vector_table)
 .ram_vector_table
                0x20000000       0xc0 CMakeFiles/EmbarcaTech_A6U4.dir/C_/Users/silas/.pico-sdk/sdk/2.1.0/src/rp2_common/pico_runtime_init/runtime_init.c.obj
                0x20000000                ram_vector_table

.uninitialized_data
                0x200000c0        0x0
                0x200000c0                        . = ALIGN (0x4)
 *(.uninitialized_data*)

.data           0x200000c0     0x1d40 load address 0x10009c78
                0x200000c0                        __data_start__ = .
 *(vtable)
 *(.time_critical*)
 .time_critical.mutex_try_enter
                0x200000c0       0x40 CMakeFiles/EmbarcaTech_A6U4.dir/C_/Users/silas/.pico-sdk/sdk/2.1.0/src/common/pico_sync/mutex.c.obj
                0x200000c0                mutex_try_enter
 .time_critical.mutex_try_enter_block_until
                0x20000100       0x9c CMakeFiles/EmbarcaTech_A6U4.dir/C_/Users/silas/.pico-sdk/sdk/2.1.0/src/common/pico_sync/mutex.c.obj
                0x20000100                mutex_try_enter_block_until
 .time_critical.mutex_enter_timeout_ms
                0x2000019c       0x90 CMakeFiles/EmbarcaTech_A6U4.dir/C_/Users/silas/.pico-sdk/sdk/2.1.0/src/common/pico_sync/mutex.c.obj
                0x2000019c                mutex_enter_timeout_ms
 .time_critical.mutex_exit
                0x2000022c       0x28 CMakeFiles/EmbarcaTech_A6U4.dir/C_/Users/silas/.pico-sdk/sdk/2.1.0/src/common/pico_sync/mutex.c.obj
                0x2000022c                mutex_exit
 .time_critical.flash_init_boot2_copyout
                0x20000254       0x30 CMakeFiles/EmbarcaTech_A6U4.dir/C_/Users/silas/.pico-sdk/sdk/2.1.0/src/rp2_common/hardware_flash/flash.c.obj
 .time_critical.flash_enable_xip_via_boot2
                0x20000284        0xc CMakeFiles/EmbarcaTech_A6U4.dir/C_/Users/silas/.pico-sdk/sdk/2.1.0/src/rp2_common/hardware_flash/flash.c.obj
 .time_critical.flash_cs_force
                0x20000290       0x38 CMakeFiles/EmbarcaTech_A6U4.dir/C_/Users/silas/.pico-sdk/sdk/2.1.0/src/rp2_common/hardware_flash/flash.c.obj
 .time_critical.flash_do_cmd
                0x200002c8       0xc0 CMakeFiles/EmbarcaTech_A6U4.dir/C_/Users/silas/.pico-sdk/sdk/2.1.0/src/rp2_common/hardware_flash/flash.c.obj
                0x200002c8                flash_do_cmd
 .time_critical.reset_non_control_endpoints
                0x20000388       0x68 CMakeFiles/EmbarcaTech_A6U4.dir/C_/Users/silas/.pico-sdk/sdk/2.1.0/lib/tinyusb/src/portable/raspberrypi/rp2040/dcd_rp2040.c.obj
 .time_critical.hw_handle_buff_status
                0x200003f0       0xb0 CMakeFiles/EmbarcaTech_A6U4.dir/C_/Users/silas/.pico-sdk/sdk/2.1.0/lib/tinyusb/src/portable/raspberrypi/rp2040/dcd_rp2040.c.obj
 .time_critical.dcd_rp2040_irq
                0x200004a0      0x578 CMakeFiles/EmbarcaTech_A6U4.dir/C_/Users/silas/.pico-sdk/sdk/2.1.0/lib/tinyusb/src/portable/raspberrypi/rp2040/dcd_rp2040.c.obj
 .time_critical.prepare_ep_buffer
                0x20000a18       0xe0 CMakeFiles/EmbarcaTech_A6U4.dir/C_/Users/silas/.pico-sdk/sdk/2.1.0/lib/tinyusb/src/portable/raspberrypi/rp2040/rp2040_usb.c.obj
 .time_critical.sync_ep_buffer
                0x20000af8       0xa8 CMakeFiles/EmbarcaTech_A6U4.dir/C_/Users/silas/.pico-sdk/sdk/2.1.0/lib/tinyusb/src/portable/raspberrypi/rp2040/rp2040_usb.c.obj
 .time_critical._hw_endpoint_xfer_sync
                0x20000ba0       0x28 CMakeFiles/EmbarcaTech_A6U4.dir/C_/Users/silas/.pico-sdk/sdk/2.1.0/lib/tinyusb/src/portable/raspberrypi/rp2040/rp2040_usb.c.obj
 .time_critical.e15_is_bulkin_ep
                0x20000bc8       0x28 CMakeFiles/EmbarcaTech_A6U4.dir/C_/Users/silas/.pico-sdk/sdk/2.1.0/lib/tinyusb/src/portable/raspberrypi/rp2040/rp2040_usb.c.obj
 .time_critical.e15_is_critical_frame_period
                0x20000bf0       0x34 CMakeFiles/EmbarcaTech_A6U4.dir/C_/Users/silas/.pico-sdk/sdk/2.1.0/lib/tinyusb/src/portable/raspberrypi/rp2040/rp2040_usb.c.obj
 .time_critical.hw_endpoint_reset_transfer
                0x20000c24        0xc CMakeFiles/EmbarcaTech_A6U4.dir/C_/Users/silas/.pico-sdk/sdk/2.1.0/lib/tinyusb/src/portable/raspberrypi/rp2040/rp2040_usb.c.obj
                0x20000c24                hw_endpoint_reset_transfer
 .time_critical._hw_endpoint_buffer_control_update32
                0x20000c30       0x50 CMakeFiles/EmbarcaTech_A6U4.dir/C_/Users/silas/.pico-sdk/sdk/2.1.0/lib/tinyusb/src/portable/raspberrypi/rp2040/rp2040_usb.c.obj
                0x20000c30                _hw_endpoint_buffer_control_update32
 .time_critical.hw_endpoint_start_next_buffer
                0x20000c80       0x6c CMakeFiles/EmbarcaTech_A6U4.dir/C_/Users/silas/.pico-sdk/sdk/2.1.0/lib/tinyusb/src/portable/raspberrypi/rp2040/rp2040_usb.c.obj
                0x20000c80                hw_endpoint_start_next_buffer
 .time_critical.hw_endpoint_xfer_continue
                0x20000cec       0x40 CMakeFiles/EmbarcaTech_A6U4.dir/C_/Users/silas/.pico-sdk/sdk/2.1.0/lib/tinyusb/src/portable/raspberrypi/rp2040/rp2040_usb.c.obj
                0x20000cec                hw_endpoint_xfer_continue
 .time_critical.tinyusb
                0x20000d2c      0x1e4 CMakeFiles/EmbarcaTech_A6U4.dir/C_/Users/silas/.pico-sdk/sdk/2.1.0/lib/tinyusb/src/device/usbd.c.obj
                0x20000d2c                dcd_event_handler
 *(.text*)
 .text          0x20000f10        0x4 C:/Users/silas/.pico-sdk/toolchain/13_3_Rel1/bin/../lib/gcc/arm-none-eabi/13.3.1/thumb/v6-m/nofp\libgcc.a(_dvmd_tls.o)
                0x20000f10                __aeabi_idiv0
                0x20000f10                __aeabi_ldiv0
 *fill*         0x20000f14        0x4 
 .text.__stub   0x20000f18       0x80 linker stubs
                0x20000f98                        . = ALIGN (0x4)
 *(.rodata*)
                0x20000f98                        . = ALIGN (0x4)
 *(.data*)
 .data.numeros  0x20000f98       0x2c CMakeFiles/EmbarcaTech_A6U4.dir/EmbarcaTech_A6U4.c.obj
                0x20000f98                numeros
 *fill*         0x20000fc4        0x4 
 .data.numero9  0x20000fc8       0xc8 CMakeFiles/EmbarcaTech_A6U4.dir/EmbarcaTech_A6U4.c.obj
                0x20000fc8                numero9
 .data.numero8  0x20001090       0xc8 CMakeFiles/EmbarcaTech_A6U4.dir/EmbarcaTech_A6U4.c.obj
                0x20001090                numero8
 .data.numero7  0x20001158       0xc8 CMakeFiles/EmbarcaTech_A6U4.dir/EmbarcaTech_A6U4.c.obj
                0x20001158                numero7
 .data.numero6  0x20001220       0xc8 CMakeFiles/EmbarcaTech_A6U4.dir/EmbarcaTech_A6U4.c.obj
                0x20001220                numero6
 .data.numero5  0x200012e8       0xc8 CMakeFiles/EmbarcaTech_A6U4.dir/EmbarcaTech_A6U4.c.obj
                0x200012e8                numero5
 .data.numero4  0x200013b0       0xc8 CMakeFiles/EmbarcaTech_A6U4.dir/EmbarcaTech_A6U4.c.obj
                0x200013b0                numero4
 .data.numero3  0x20001478       0xc8 CMakeFiles/EmbarcaTech_A6U4.dir/EmbarcaTech_A6U4.c.obj
                0x20001478                numero3
 .data.numero2  0x20001540       0xc8 CMakeFiles/EmbarcaTech_A6U4.dir/EmbarcaTech_A6U4.c.obj
                0x20001540                numero2
 .data.numero1  0x20001608       0xc8 CMakeFiles/EmbarcaTech_A6U4.dir/EmbarcaTech_A6U4.c.obj
                0x20001608                numero1
 .data.numero0  0x200016d0       0xc8 CMakeFiles/EmbarcaTech_A6U4.dir/EmbarcaTech_A6U4.c.obj
                0x200016d0                numero0
 .data.prev_number
                0x20001798        0x4 CMakeFiles/EmbarcaTech_A6U4.dir/EmbarcaTech_A6U4.c.obj
                0x20001798                prev_number
 *fill*         0x2000179c        0x4 
 .data.b        0x200017a0        0x8 CMakeFiles/EmbarcaTech_A6U4.dir/EmbarcaTech_A6U4.c.obj
                0x200017a0                b
 .data.g        0x200017a8        0x8 CMakeFiles/EmbarcaTech_A6U4.dir/EmbarcaTech_A6U4.c.obj
                0x200017a8                g
 .data.r        0x200017b0        0x8 CMakeFiles/EmbarcaTech_A6U4.dir/EmbarcaTech_A6U4.c.obj
                0x200017b0                r
 .data.pio      0x200017b8        0x4 CMakeFiles/EmbarcaTech_A6U4.dir/EmbarcaTech_A6U4.c.obj
                0x200017b8                pio
 .data.striped_spin_lock_num
                0x200017bc        0x1 CMakeFiles/EmbarcaTech_A6U4.dir/C_/Users/silas/.pico-sdk/sdk/2.1.0/src/rp2_common/hardware_sync/sync.c.obj
 *fill*         0x200017bd        0x3 
 .data          0x200017c0       0x48 CMakeFiles/EmbarcaTech_A6U4.dir/C_/Users/silas/.pico-sdk/sdk/2.1.0/src/rp2_common/hardware_irq/irq_handler_chain.S.obj
                0x200017c0                irq_handler_chain_slots
                0x200017f0                irq_handler_chain_first_slot
                0x200017fa                irq_handler_chain_remove_tail
 .data.default_alarm_pool
                0x20001808       0x18 CMakeFiles/EmbarcaTech_A6U4.dir/C_/Users/silas/.pico-sdk/sdk/2.1.0/src/common/pico_time/time.c.obj
 *fill*         0x20001820        0x0 
 .data.aeabi_bits_funcs
                0x20001820       0x10 CMakeFiles/EmbarcaTech_A6U4.dir/C_/Users/silas/.pico-sdk/sdk/2.1.0/src/rp2_common/pico_bit_ops/bit_ops_aeabi.S.obj
                0x20001820                aeabi_bits_funcs
                0x20001830                aeabi_bits_funcs_end
 .data.aeabi_mem_funcs
                0x20001830       0x10 CMakeFiles/EmbarcaTech_A6U4.dir/C_/Users/silas/.pico-sdk/sdk/2.1.0/src/rp2_common/pico_mem_ops/mem_ops_aeabi.S.obj
                0x20001830                aeabi_mem_funcs
                0x20001840                aeabi_mem_funcs_end
 .data.stdio_uart
                0x20001840       0x18 CMakeFiles/EmbarcaTech_A6U4.dir/C_/Users/silas/.pico-sdk/sdk/2.1.0/src/rp2_common/pico_stdio_uart/stdio_uart.c.obj
                0x20001840                stdio_uart
 .data.stdio_usb
                0x20001858       0x18 CMakeFiles/EmbarcaTech_A6U4.dir/C_/Users/silas/.pico-sdk/sdk/2.1.0/src/rp2_common/pico_stdio_usb/stdio_usb.c.obj
                0x20001858                stdio_usb
 .data._usbd_qdef
                0x20001870       0x1c CMakeFiles/EmbarcaTech_A6U4.dir/C_/Users/silas/.pico-sdk/sdk/2.1.0/lib/tinyusb/src/device/usbd.c.obj
                0x20001870                _usbd_qdef
 .data._usbd_rhport
                0x2000188c        0x1 CMakeFiles/EmbarcaTech_A6U4.dir/C_/Users/silas/.pico-sdk/sdk/2.1.0/lib/tinyusb/src/device/usbd.c.obj
 *fill*         0x2000188d        0x3 
 .data.i2c1_inst
                0x20001890        0x8 CMakeFiles/EmbarcaTech_A6U4.dir/C_/Users/silas/.pico-sdk/sdk/2.1.0/src/rp2_common/hardware_i2c/i2c.c.obj
                0x20001890                i2c1_inst
 .data.i2c0_inst
                0x20001898        0x8 CMakeFiles/EmbarcaTech_A6U4.dir/C_/Users/silas/.pico-sdk/sdk/2.1.0/src/rp2_common/hardware_i2c/i2c.c.obj
                0x20001898                i2c0_inst
 .data.__malloc_sbrk_base
                0x200018a0        0x4 C:/Users/silas/.pico-sdk/toolchain/13_3_Rel1/bin/../lib/gcc/arm-none-eabi/13.3.1/thumb/v6-m/nofp\libg.a(libc_a-mallocr.o)
                0x200018a0                __malloc_sbrk_base
 .data.__malloc_trim_threshold
                0x200018a4        0x4 C:/Users/silas/.pico-sdk/toolchain/13_3_Rel1/bin/../lib/gcc/arm-none-eabi/13.3.1/thumb/v6-m/nofp\libg.a(libc_a-mallocr.o)
                0x200018a4                __malloc_trim_threshold
 .data.__malloc_av_
                0x200018a8      0x408 C:/Users/silas/.pico-sdk/toolchain/13_3_Rel1/bin/../lib/gcc/arm-none-eabi/13.3.1/thumb/v6-m/nofp\libg.a(libc_a-mallocr.o)
                0x200018a8                __malloc_av_
 .data._impure_ptr
                0x20001cb0        0x4 C:/Users/silas/.pico-sdk/toolchain/13_3_Rel1/bin/../lib/gcc/arm-none-eabi/13.3.1/thumb/v6-m/nofp\libg.a(libc_a-impure.o)
                0x20001cb0                _impure_ptr
 *fill*         0x20001cb4        0x4 
 .data._impure_data
                0x20001cb8      0x140 C:/Users/silas/.pico-sdk/toolchain/13_3_Rel1/bin/../lib/gcc/arm-none-eabi/13.3.1/thumb/v6-m/nofp\libg.a(libc_a-impure.o)
                0x20001cb8                _impure_data
                0x20001df8                        . = ALIGN (0x4)
 *(.after_data.*)
                0x20001df8                        . = ALIGN (0x4)
                0x20001df8                        PROVIDE (__mutex_array_start = .)
 *(SORT_BY_NAME(.mutex_array.*))
 *(.mutex_array)
 .mutex_array   0x20001df8        0x8 CMakeFiles/EmbarcaTech_A6U4.dir/C_/Users/silas/.pico-sdk/sdk/2.1.0/src/rp2_common/pico_stdio/stdio.c.obj
                0x20001e00                        PROVIDE (__mutex_array_end = .)
                0x20001e00                        . = ALIGN (0x4)
 *(.jcr)
                0x20001e00                        . = ALIGN (0x4)

.tm_clone_table
                0x20001e00        0x0 load address 0x1000b9b8
 .tm_clone_table
                0x20001e00        0x0 C:/Users/silas/.pico-sdk/toolchain/13_3_Rel1/bin/../lib/gcc/arm-none-eabi/13.3.1/thumb/v6-m/nofp/crtbegin.o
 .tm_clone_table
                0x20001e00        0x0 C:/Users/silas/.pico-sdk/toolchain/13_3_Rel1/bin/../lib/gcc/arm-none-eabi/13.3.1/thumb/v6-m/nofp/crtend.o

.igot.plt       0x20001e00        0x0 load address 0x1000b9b8
 .igot.plt      0x20001e00        0x0 C:/Users/silas/.pico-sdk/toolchain/13_3_Rel1/bin/../lib/gcc/arm-none-eabi/13.3.1/thumb/v6-m/nofp/crtbegin.o

.tdata          0x20001e00        0x0 load address 0x1000b9b8
                0x20001e00                        . = ALIGN (0x4)
 *(.tdata .tdata.* .gnu.linkonce.td.*)
                0x20001e00                        __tdata_end = .
                0x20001e00                        PROVIDE (__data_end__ = .)
                0x10009c78                        __etext = LOADADDR (.data)

.tbss           0x20001e00        0x0 load address 0x1000b9b8